******************************************************************************
                  TI ARM Linker PC v20.2.5                     
******************************************************************************
>> Linked Tue Jul 27 17:11:52 2021

OUTPUT FILE NAME:   <Thermostat.out>
ENTRY POINT SYMBOL: "_c_int00"  address: 2000aaf5


MEMORY CONFIGURATION

         name            origin    length      used     unused   attr    fill
----------------------  --------  ---------  --------  --------  ----  --------
  SRAM0                 20000000   00004000  0000070c  000038f4  RW X
  SRAM                  20004000   0003c000  000124f8  00029b08  RW X
  LOG_DATA              90000000   00040000  00000000  00040000  R   


SEGMENT ALLOCATION MAP

run origin  load origin   length   init length attrs members
----------  ----------- ---------- ----------- ----- -------
20000000    20000000    0000030c   00000000    rw-
  20000000    20000000    0000030c   00000000    rw- .vecs
20003c00    20003c00    00000400   00000000    rw-
  20003c00    20003c00    00000400   00000000    rw- .stack
20004000    20004000    000109c0   000089ba    r-x
  20004000    20004000    0000030c   0000030c    r-- .resetVecs
  20004310    20004310    000086aa   000086aa    r-x .text
  2000c9c0    2000c9c0    00008000   00000000    r-- .priheap
200149c0    200149c0    0000093a   00000000    rw-
  200149c0    200149c0    0000093a   00000000    rw- .bss
200152fc    200152fc    000008b0   000008b0    r--
  200152fc    200152fc    000008b0   000008b0    r-- .const
20015bac    20015bac    000006f0   00000000    rw-
  20015bac    20015bac    000006f0   00000000    rw- .data
200162a0    200162a0    00000268   00000268    r--
  200162a0    200162a0    00000268   00000268    r-- .cinit


SECTION ALLOCATION MAP

 output                                  attributes/
section   page    origin      length       input sections
--------  ----  ----------  ----------   ----------------
.resetVecs 
*          0    20004000    0000030c     
                  20004000    0000030c     release_pem4.oem4 (.resetVecs)

.text      0    20004310    000086aa     
                  20004310    00000a4e     rtsv7M4_T_le_eabi.lib : _printfi.c.obj (.text:__TI_printfi)
                  20004d5e    00000002     ti_drivers_config.obj (.text:Board_initHook)
                  20004d60    0000042c     driverlib.a : prcm.obj (.text:PRCMCC3200MCUInit)
                  2000518c    00000288     drivers_cc32xx.a : UARTCC32XX.oem4 (.text:UARTCC32XX_open)
                  20005414    00000268     rtsv7M4_T_le_eabi.lib : _printfi.c.obj (.text:_pconv_a)
                  2000567c    00000250     gpiointerrupt.obj (.text:initI2C)
                  200058cc    000001e4     drivers_cc32xx.a : GPIOCC32XX.oem4 (.text:GPIO_setConfig)
                  20005ab0    000001cc     rtsv7M4_T_le_eabi.lib : _printfi.c.obj (.text:_pconv_g)
                  20005c7c    000001b6                           : fd_add_t2.asm.obj (.text)
                  20005e32    00000002     drivers_cc32xx.a : I2C.oem4 (.text:I2C_init)
                  20005e34    0000018c     gpiointerrupt.obj (.text:mainThread)
                  20005fc0    0000015c     dpl_cc32xx.a : PowerCC32XX_tirtos.oem4 (.text:PowerCC32XX_sleepPolicy)
                  2000611c    00000148     drivers_cc32xx.a : I2CCC32XX.oem4 (.text:I2CCC32XX_hwiFxn)
                  20006264    00000148                      : PowerCC32XX.oem4 (.text:parkPins)
                  200063ac    0000013c     rtsv7M4_T_le_eabi.lib : _printfi.c.obj (.text:_pconv_e)
                  200064e8    00000138     drivers_cc32xx.a : PowerCC32XX.oem4 (.text:Power_sleep)
                  20006620    00000138                      : TimerCC32XX.oem4 (.text:Timer_open)
                  20006758    00000136     rtsv7M4_T_le_eabi.lib : fd_div_t2.asm.obj (.text)
                  2000688e    00000002     drivers_cc32xx.a : Timer.oem4 (.text:Timer_init)
                  20006890    00000130     sysbios.aem4 : BIOS.obj (.text:ti_sysbios_knl_Semaphore_pend__E)
                  200069c0    00000122     drivers_cc32xx.a : I2C.oem4 (.text:I2C_transferTimeout)
                  20006ae2    00000002                      : UARTCC32XX.oem4 (.text:UARTCC32XX_init)
                  20006ae4    00000120                      : UARTCC32XX.oem4 (.text:UARTCC32XX_close)
                  20006c04    00000120     rtsv7M4_T_le_eabi.lib : _printfi.c.obj (.text:fcvt)
                  20006d24    00000120     gpiointerrupt.obj (.text:readTemp)
                  20006e44    00000004     dpl_cc32xx.a : ClockP_tirtos.oem4 (.text:ClockP_getCpuFreq)
                  20006e48    00000120     sysbios.aem4 : BIOS.obj (.text:xdc_runtime_Startup_startMods__I)
                  20006f68    00000110                  : BIOS.obj (.text:ti_sysbios_knl_Task_postInit__I)
                  20007078    00000104                  : BIOS.obj (.text:ti_sysbios_knl_Task_Instance_finalize__E)
                  2000717c    000000fc     drivers_cc32xx.a : I2CCC32XX.oem4 (.text:I2C_open)
                  20007278    000000fc     rtsv7M4_T_le_eabi.lib : fd_mul_t2.asm.obj (.text)
                  20007374    000000f2     drivers_cc32xx.a : UARTCC32XX.oem4 (.text:UARTCC32XX_control)
                  20007466    00000002     rtsv7M4_T_le_eabi.lib : _lock.c.obj (.text:_nop)
                  20007468    000000f0     sysbios.aem4 : BIOS.obj (.text:pthread_create)
                  20007558    000000e8                  : BIOS.obj (.text:ti_sysbios_knl_Task_Instance_init__E)
                  20007640    000000d4                  : BIOS.obj (.text:ti_sysbios_heaps_HeapMem_alloc__E)
                  20007714    000000d0     rtsv7M4_T_le_eabi.lib : s_scalbn.c.obj (.text:scalbn)
                  200077e4    000000cc     sysbios.aem4 : m3_Hwi_asm.obj (.text:ti_sysbios_family_arm_m3_Hwi_dispatch__I)
                  200078b0    000000ca     drivers_cc32xx.a : UARTCC32XX.oem4 (.text:UARTCC32XX_write)
                  2000797a    00000002     rtsv7M4_T_le_eabi.lib : div0.asm.obj (.text)
                  2000797c    000000c4     drivers_cc32xx.a : GPIOCC32XX.oem4 (.text:GPIO_init)
                  20007a40    000000c0                      : PowerCC32XX.oem4 (.text:restoreParkedPins)
                  20007b00    000000bc     sysbios.aem4 : BIOS.obj (.text:xdc_runtime_Core_createObject__I)
                  20007bbc    000000ba     drivers_cc32xx.a : UARTCC32XX.oem4 (.text:UARTCC32XX_readPolling)
                  20007c76    00000002     release_pem4.oem4 (.text:ti_sysbios_BIOS_nullFunc__I)
                  20007c78    000000b8     drivers_cc32xx.a : UARTCC32XX.oem4 (.text:initHw)
                  20007d30    000000b8     sysbios.aem4 : BIOS.obj (.text:ti_sysbios_family_arm_m3_Hwi_Instance_init__E)
                  20007de8    000000b6     drivers_cc32xx.a : UARTCC32XX.oem4 (.text:readTaskCallback)
                  20007e9e    000000b2                      : I2CCC32XX.oem4 (.text:I2CCC32XX_completeTransfer)
                  20007f50    000000b1     rtsv7M4_T_le_eabi.lib : _printfi.c.obj (.text:_ltostr)
                  20008001    00000001     --HOLE-- [fill = 0]
                  20008002    000000b0     drivers_cc32xx.a : UARTCC32XX.oem4 (.text:readTaskBlocking)
                  200080b2    000000ae                      : UARTCC32XX.oem4 (.text:readIsrTextBlocking)
                  20008160    000000a8                      : I2CCC32XX.oem4 (.text:I2CCC32XX_primeWriteBurst)
                  20008208    000000a8                      : PowerCC32XX.oem4 (.text:PowerCC32XX_configureWakeup)
                  200082b0    000000a4     sysbios.aem4 : BIOS.obj (.text:ti_sysbios_knl_Task_setPri__E)
                  20008354    000000a2     drivers_cc32xx.a : UARTCC32XX.oem4 (.text:readIsrTextCallback)
                  200083f6    000000a2                      : UARTCC32XX.oem4 (.text:writeData)
                  20008498    000000a0     auto_init.aem4 : auto_init.oem4 (.text)
                  20008538    0000009c     drivers_cc32xx.a : I2CCC32XX.oem4 (.text:I2CCC32XX_initHw)
                  200085d4    00000004     dpl_cc32xx.a : ClockP_tirtos.oem4 (.text:ClockP_setTimeout)
                  200085d8    0000009c     sysbios.aem4 : BIOS.obj (.text:_pthread_removeThreadKeys)
                  20008674    0000009c     rtsv7M4_T_le_eabi.lib : memcpy_t2.asm.obj (.text)
                  20008710    00000098     drivers_cc32xx.a : GPIOCC32XX.oem4 (.text:powerNotifyFxn)
                  200087a8    00000098     gpiointerrupt.obj (.text:timerCallback)
                  20008840    00000096     rtsv7M4_T_le_eabi.lib : ull_div_t2.asm.obj (.text)
                  200088d6    00000002     release_pem4.oem4 (.text:xdc_runtime_Startup_reset__I)
                  200088d8    00000094     sysbios.aem4 : BIOS.obj (.text:ti_sysbios_knl_Task_exit__E)
                  2000896c    00000090     drivers_cc32xx.a : PowerCC32XX.oem4 (.text:restoreNVICRegs)
                  200089fc    00000004     dpl_cc32xx.a : ClockP_tirtos.oem4 (.text:ClockP_start)
                  20008a00    00000090     sysbios.aem4 : BIOS.obj (.text:ti_sysbios_knl_Task_Module_startup__E)
                  20008a90    0000008c                  : BIOS.obj (.text:xdc_runtime_Memory_alloc__E)
                  20008b1c    00000088     driverlib.a : pin.obj (.text:PinConfigSet)
                  20008ba4    00000004     dpl_cc32xx.a : ClockP_tirtos.oem4 (.text:ClockP_stop)
                  20008ba8    00000088     sysbios.aem4 : BIOS.obj (.text:ti_sysbios_family_arm_m3_Hwi_initNVIC__E)
                  20008c30    00000086     rtsv7M4_T_le_eabi.lib : fd_cmp_t2.asm.obj (.text:__aeabi_cdcmple)
                  20008cb6    00000086                           : fd_cmp_t2.asm.obj (.text:__aeabi_cdrcmple)
                  20008d3c    00000004     dpl_cc32xx.a : HwiP_tirtos.oem4 (.text:HwiP_clearInterrupt)
                  20008d40    00000086     sysbios.aem4 : BIOS.obj (.text:xdc_runtime_Core_constructObject__I)
                  20008dc6    00000002     --HOLE-- [fill = 0]
                  20008dc8    00000084     drivers_cc32xx.a : PowerCC32XX.oem4 (.text:Power_init)
                  20008e4c    00000084                      : PowerCC32XX.oem4 (.text:saveNVICRegs)
                  20008ed0    00000084     sysbios.aem4 : BIOS.obj (.text:ti_sysbios_family_arm_m3_Hwi_postInit__I)
                  20008f54    00000004     dpl_cc32xx.a : HwiP_tirtos.oem4 (.text:HwiP_disable)
                  20008f58    00000084     sysbios.aem4 : BIOS.obj (.text:ti_sysbios_heaps_HeapMem_free__E)
                  20008fdc    00000080     drivers_cc32xx.a : PowerCC32XX.oem4 (.text:Power_setDependency)
                  2000905c    00000004     dpl_cc32xx.a : HwiP_tirtos.oem4 (.text:HwiP_disableInterrupt)
                  20009060    00000080     sysbios.aem4 : BIOS.obj (.text:ti_sysbios_knl_Clock_workFunc__E)
                  200090e0    0000007c     gpiointerrupt.obj (.text:TickFct_CheckButtons)
                  2000915c    0000007c     drivers_cc32xx.a : UARTCC32XX.oem4 (.text:readIsrBinaryBlocking)
                  200091d8    0000007a                      : I2CCC32XX.oem4 (.text:I2CCC32XX_primeReadBurst)
                  20009252    0000007a     rtsv7M4_T_le_eabi.lib : fs_mul_t2.asm.obj (.text)
                  200092cc    0000007a                           : memset_t2.asm.obj (.text)
                  20009346    00000002     --HOLE-- [fill = 0]
                  20009348    00000078     drivers_cc32xx.a : GPIOCC32XX.oem4 (.text:GPIO_hwiIntFxn)
                  200093c0    00000078                      : UARTCC32XX.oem4 (.text:readIsrBinaryCallback)
                  20009438    00000074                      : UARTCC32XX.oem4 (.text:UARTCC32XX_hwiIntFxn)
                  200094ac    00000004     dpl_cc32xx.a : HwiP_tirtos.oem4 (.text:HwiP_enableInterrupt)
                  200094b0    00000074     sysbios.aem4 : BIOS.obj (.text:xdc_runtime_Core_deleteObject__I)
                  20009524    00000004     dpl_cc32xx.a : SemaphoreP_tirtos.oem4 (.text:SemaphoreP_destruct)
                  20009528    00000070     sysbios.aem4 : BIOS.obj (.text:ti_sysbios_heaps_HeapMem_initPrimary__I)
                  20009598    0000006e     rtsv7M4_T_le_eabi.lib : _printfi.c.obj (.text:_mcpy)
                  20009606    00000002     --HOLE-- [fill = 0]
                  20009608    0000006c     sysbios.aem4 : BIOS.obj (.text:ti_sysbios_knl_Swi_restoreHwi__E)
                  20009674    0000006a     drivers_cc32xx.a : I2CCC32XX.oem4 (.text:I2CSupport_primeTransfer)
                  200096de    00000002     --HOLE-- [fill = 0]
                  200096e0    00000068     gpiointerrupt.obj (.text:TickFct_SetHeat)
                  20009748    00000068     rtsv7M4_T_le_eabi.lib : copy_decompress_lzss.c.obj (.text:decompress:lzss:__TI_decompress_lzss)
                  200097b0    00000068     sysbios.aem4 : BIOS.obj (.text:pthread_exit)
                  20009818    00000066     drivers_cc32xx.a : UARTCC32XX.oem4 (.text:UARTCC32XX_writeCancel)
                  2000987e    00000002     --HOLE-- [fill = 0]
                  20009880    00000064                      : PowerCC32XX.oem4 (.text:PowerCC32XX_setParkState)
                  200098e4    00000064     main_tirtos.obj (.text:main)
                  20009948    00000064     sysbios.aem4 : BIOS.obj (.text:ti_sysbios_family_arm_m3_Hwi_dispatchC__I)
                  200099ac    00000062     drivers_cc32xx.a : UARTCC32XX.oem4 (.text:UARTCC32XX_writePolling)
                  20009a0e    00000002     --HOLE-- [fill = 0]
                  20009a10    00000060     driverlib.a : prcm.obj (.text:PRCMSysResetCauseGet)
                  20009a70    00000060     sysbios.aem4 : BIOS.obj (.text:ti_sysbios_knl_Semaphore_post__E)
                  20009ad0    00000060                  : BIOS.obj (.text:ti_sysbios_knl_Swi_run__I)
                  20009b30    0000005c     drivers_cc32xx.a : GPIOCC32XX.oem4 (.text:GPIO_setCallback)
                  20009b8c    0000005c     rtsv7M4_T_le_eabi.lib : s_frexp.c.obj (.text:frexp)
                  20009be8    0000005c     sysbios.aem4 : BIOS.obj (.text:ti_sysbios_family_arm_m3_Timer_start__E)
                  20009c44    00000004     dpl_cc32xx.a : SemaphoreP_tirtos.oem4 (.text:SemaphoreP_post)
                  20009c48    0000005c     sysbios.aem4 : BIOS.obj (.text:ti_sysbios_knl_Swi_schedule__I)
                  20009ca4    00000004     release_pem4.oem4 (.text:ti_sysbios_BIOS_RtsGateProxy_enter__E)
                  20009ca8    0000005c     sysbios.aem4 : BIOS.obj (.text:ti_sysbios_knl_Task_startCore__E)
                  20009d04    00000004     release_pem4.oem4 (.text:ti_sysbios_BIOS_RtsGateProxy_leave__E)
                  20009d08    0000005c     sysbios.aem4 : BIOS.obj (.text:xdc_runtime_Startup_exec__E)
                  20009d64    00000058     drivers_cc32xx.a : GPIOCC32XX.oem4 (.text:GPIO_write)
                  20009dbc    00000058     driverlib.a : prcm.obj (.text:PRCMPeripheralReset)
                  20009e14    00000058     drivers_cc32xx.a : PowerCC32XX.oem4 (.text:Power_releaseDependency)
                  20009e6c    00000056     rtsv7M4_T_le_eabi.lib : _printfi.c.obj (.text:_pconv_f)
                  20009ec2    00000054                           : _ltoa.c.obj (.text:__TI_ltoa)
                  20009f16    00000002     --HOLE-- [fill = 0]
                  20009f18    00000054     gpiointerrupt.obj (.text:initTimer)
                  20009f6c    00000054     drivers_cc32xx.a : UARTCC32XX.oem4 (.text:ringBufGet)
                  20009fc0    00000054     release_pem4.oem4 (.text:ti_sysbios_family_arm_m3_Hwi_create)
                  2000a014    00000052     drivers_cc32xx.a : PowerCC32XX_asm.oem4 (.text:PowerCC32XX_resumeLPDS)
                  2000a066    00000052     rtsv7M4_T_le_eabi.lib : _printfi.c.obj (.text:_ecpy)
                  2000a0b8    00000052     drivers_cc32xx.a : TimerCC32XX.oem4 (.text:initHw)
                  2000a10a    00000002     --HOLE-- [fill = 0]
                  2000a10c    00000050                      : TimerCC32XX.oem4 (.text:TimerCC32XX_allocateTimerResource)
                  2000a15c    00000004     release_pem4.oem4 (.text:ti_sysbios_family_arm_m3_Hwi_delete)
                  2000a160    00000050     sysbios.aem4 : BIOS.obj (.text:ti_sysbios_family_arm_m3_Hwi_Module_startup__E)
                  2000a1b0    00000050     release_pem4.oem4 (.text:ti_sysbios_family_arm_m3_Hwi_construct)
                  2000a200    00000050     sysbios.aem4 : BIOS.obj (.text:ti_sysbios_family_arm_m3_Timer_setPeriod__E)
                  2000a250    00000050     release_pem4.oem4 (.text:ti_sysbios_knl_Task_create)
                  2000a2a0    0000004c     drivers_cc32xx.a : GPIOCC32XX.oem4 (.text:GPIO_enableInt)
                  2000a2ec    0000004c                      : I2CCC32XX.oem4 (.text:I2CCC32XX_readRecieveFifo)
                  2000a338    0000004c                      : PowerCC32XX.oem4 (.text:PowerCC32XX_parkPin)
                  2000a384    0000004c     rtsv7M4_T_le_eabi.lib : atoi.c.obj (.text:atoi)
                  2000a3d0    0000004c                           : cpy_tbl.c.obj (.text:copy_in)
                  2000a41c    0000004c     drivers_cc32xx.a : PowerCC32XX.oem4 (.text:restorePeriphClocks)
                  2000a468    0000004c     rtsv7M4_T_le_eabi.lib : snprintf.c.obj (.text:snprintf)
                  2000a4b4    0000004c     sysbios.aem4 : m3_TaskSupport_asm.obj (.text:ti_sysbios_family_arm_m3_TaskSupport_buildTaskStack)
                  2000a500    0000004c                  : BIOS.obj (.text:ti_sysbios_heaps_HeapMem_getStats__E)
                  2000a54c    00000004     release_pem4.oem4 (.text:ti_sysbios_family_arm_m3_TaskSupport_Module__startupDone__S)
                  2000a550    0000004c     sysbios.aem4 : BIOS.obj (.text:ti_sysbios_knl_Swi_runLoop__I)
                  2000a59c    00000004     release_pem4.oem4 (.text:ti_sysbios_heaps_HeapMem_Module_GateProxy_enter__E)
                  2000a5a0    0000004c     sysbios.aem4 : BIOS.obj (.text:ti_sysbios_knl_Task_allBlockedFunction__I)
                  2000a5ec    00000004     release_pem4.oem4 (.text:ti_sysbios_heaps_HeapMem_Module_GateProxy_leave__E)
                  2000a5f0    0000004c     sysbios.aem4 : BIOS.obj (.text:ti_sysbios_knl_Task_schedule__I)
                  2000a63c    00000048     driverlib.a : flash.obj (.text:FlashDisable)
                  2000a684    00000048                 : prcm.obj (.text:PRCMLPDSEnter)
                  2000a6cc    00000048                 : prcm.obj (.text:PRCMPeripheralClkEnable)
                  2000a714    00000048     drivers_cc32xx.a : PowerCC32XX.oem4 (.text:Power_releaseConstraint)
                  2000a75c    00000048     rtsv7M4_T_le_eabi.lib : fd_toi_t2.asm.obj (.text)
                  2000a7a4    00000004     release_pem4.oem4 (.text:ti_sysbios_knl_Clock_TimerProxy_getMaxTicks__E)
                  2000a7a8    00000048     sysbios.aem4 : BIOS.obj (.text:ti_sysbios_family_arm_m3_Hwi_disableInterrupt__E)
                  2000a7f0    00000048                  : BIOS.obj (.text:ti_sysbios_family_arm_m3_Hwi_enableInterrupt__E)
                  2000a838    00000048                  : m3_Hwi_asm_switch.obj (.text:ti_sysbios_family_arm_m3_Hwi_initStacks__E)
                  2000a880    00000048                  : BIOS.obj (.text:ti_sysbios_family_arm_m3_Timer_initDevice__I)
                  2000a8c8    00000048                  : BIOS.obj (.text:ti_sysbios_knl_Mailbox_Module_startup__E)
                  2000a910    00000048                  : BIOS.obj (.text:xdc_runtime_Core_assignParams__I)
                  2000a958    00000046     drivers_cc32xx.a : RingBuf.oem4 (.text:RingBuf_put)
                  2000a99e    00000046                      : TimerCC32XX.oem4 (.text:getPrescaler)
                  2000a9e4    00000044     driverlib.a : prcm.obj (.text:PRCMLPDSRestoreInfoSet)
                  2000aa28    00000044     drivers_cc32xx.a : PowerCC32XX_asm.oem4 (.text:PowerCC32XX_enterLPDS)
                  2000aa6c    00000044                      : Timer.oem4 (.text:Timer_start)
                  2000aab0    00000044                      : UART.oem4 (.text:UART_init)
                  2000aaf4    00000044     boot.aem4 : boot.oem4 (.text)
                  2000ab38    00000044     gpiointerrupt.obj (.text:initUART)
                  2000ab7c    00000004     release_pem4.oem4 (.text:ti_sysbios_knl_Clock_TimerProxy_setPeriodMicroSecs__E)
                  2000ab80    00000044     sysbios.aem4 : BIOS.obj (.text:ti_sysbios_family_arm_m3_Hwi_getStackInfo__E)
                  2000abc4    00000004     release_pem4.oem4 (.text:ti_sysbios_knl_Clock_TimerProxy_start__E)
                  2000abc8    00000044     sysbios.aem4 : BIOS.obj (.text:ti_sysbios_knl_Mailbox_postInit__I)
                  2000ac0c    00000004     release_pem4.oem4 (.text:ti_sysbios_knl_Clock_TimerProxy_stop__E)
                  2000ac10    00000044     sysbios.aem4 : BIOS.obj (.text:ti_sysbios_knl_Swi_post__E)
                  2000ac54    00000004     release_pem4.oem4 (.text:ti_sysbios_knl_Clock_delete)
                  2000ac58    00000044     sysbios.aem4 : BIOS.obj (.text:xdc_runtime_System_atexit__E)
                  2000ac9c    00000040     dpl_cc32xx.a : ClockP_tirtos.oem4 (.text:ClockP_create)
                  2000acdc    00000040                  : HwiP_tirtos.oem4 (.text:HwiP_create)
                  2000ad1c    00000040     driverlib.a : pin.obj (.text:PinModeSet)
                  2000ad5c    00000040     drivers_cc32xx.a : RingBuf.oem4 (.text:RingBuf_get)
                  2000ad9c    00000040                      : TimerCC32XX.oem4 (.text:TimerSupport_timerEnable)
                  2000addc    00000040                      : TimerCC32XX.oem4 (.text:Timer_close)
                  2000ae1c    00000040                      : UARTCC32XX.oem4 (.text:UARTCC32XX_read)
                  2000ae5c    00000040                      : UART.oem4 (.text:UART_open)
                  2000ae9c    00000004     release_pem4.oem4 (.text:ti_sysbios_knl_Semaphore_delete)
                  2000aea0    00000040     sysbios.aem4 : BIOS.obj (.text:ti_sysbios_heaps_HeapMem_Instance_init__E)
                  2000aee0    00000040                  : BIOS.obj (.text:ti_sysbios_knl_Clock_Instance_init__E)
                  2000af20    0000003e     dpl_cc32xx.a : HwiP_tirtos.oem4 (.text:HwiP_construct)
                  2000af5e    0000003e     rtsv7M4_T_le_eabi.lib : _printfi.c.obj (.text:_fcpy)
                  2000af9c    0000003c     drivers_cc32xx.a : PowerCC32XX.oem4 (.text:Power_setConstraint)
                  2000afd8    0000003c     dpl_cc32xx.a : SemaphoreP_tirtos.oem4 (.text:SemaphoreP_create)
                  2000b014    00000004     release_pem4.oem4 (.text:ti_sysbios_knl_Task_delete)
                  2000b018    0000003c     sysbios.aem4 : BIOS.obj (.text:ti_sysbios_family_arm_m3_Hwi_Instance_finalize__E)
                  2000b054    00000004     release_pem4.oem4 (.text:xdc_runtime_System_Module_GateProxy_enter__E)
                  2000b058    0000003c     sysbios.aem4 : BIOS.obj (.text:ti_sysbios_family_arm_m3_Hwi_construct2__E)
                  2000b094    00000004     release_pem4.oem4 (.text:xdc_runtime_System_Module_GateProxy_leave__E)
                  2000b098    0000003c     sysbios.aem4 : BIOS.obj (.text:ti_sysbios_family_arm_m3_Timer_setPeriodMicroSecs__E)
                  2000b0d4    0000003c     release_pem4.oem4 (.text:ti_sysbios_knl_Clock_create)
                  2000b110    0000003c     sysbios.aem4 : BIOS.obj (.text:ti_sysbios_knl_Clock_walkQueuePeriodic__E)
                  2000b14c    00000004     --HOLE-- [fill = 0]
                  2000b150    0000003c                  : BIOS.obj (.text:ti_sysbios_knl_Swi_restore__E)
                  2000b18c    00000004     --HOLE-- [fill = 0]
                  2000b190    0000003c                  : BIOS.obj (.text:xdc_runtime_System_processAtExit__E)
                  2000b1cc    0000003a     dpl_cc32xx.a : PowerCC32XX_tirtos.oem4 (.text:getCountsRTC)
                  2000b206    00000002     --HOLE-- [fill = 0]
                  2000b208    00000038     driverlib.a : prcm.obj (.text:PRCMLPDSEnterKeepDebugIf)
                  2000b240    00000038     drivers_cc32xx.a : PowerCC32XX.oem4 (.text:notify)
                  2000b278    00000038     rtsv7M4_T_le_eabi.lib : fs_toi_t2.asm.obj (.text)
                  2000b2b0    00000038                           : i_tofs_t2.asm.obj (.text)
                  2000b2e8    00000038     sysbios.aem4 : BIOS.obj (.text:ti_sysbios_knl_Task_processVitalTaskFlag__I)
                  2000b320    00000036     driverlib.a : timer.obj (.text:TimerControlStall)
                  2000b356    00000036     drivers_cc32xx.a : Timer.oem4 (.text:Timer_stop)
                  2000b38c    00000036                      : UARTCC32XX.oem4 (.text:UARTCC32XX_readCancel)
                  2000b3c2    00000002     --HOLE-- [fill = 0]
                  2000b3c4    00000034     driverlib.a : pin.obj (.text:PinModeGet)
                  2000b3f8    00000034     drivers_cc32xx.a : PowerCC32XX.oem4 (.text:PowerCC32XX_restoreParkState)
                  2000b42c    00000034                      : TimerCC32XX.oem4 (.text:TimerCC32XX_freeTimerResource)
                  2000b460    00000034                      : TimerCC32XX.oem4 (.text:TimerCC32XX_hwiIntFunction)
                  2000b494    00000034                      : TimerCC32XX.oem4 (.text:getPowerMgrId)
                  2000b4c8    00000034     sysbios.aem4 : BIOS.obj (.text:ti_sysbios_family_arm_m3_Timer_periodicStub__I)
                  2000b4fc    00000034     release_pem4.oem4 (.text:ti_sysbios_knl_Semaphore_create)
                  2000b530    00000032     sysbios.aem4 : BIOS.obj (.text:ti_sysbios_hal_Hwi_initStack)
                  2000b562    00000030     drivers_cc32xx.a : PowerCC32XX.oem4 (.text:PowerCC32XX_restoreParkedPin)
                  2000b592    00000030     rtsv7M4_T_le_eabi.lib : snprintf.c.obj (.text:_outs)
                  2000b5c2    00000002     --HOLE-- [fill = 0]
                  2000b5c4    00000030     release_pem4.oem4 (.text:ti_sysbios_BIOS_atExitFunc__I)
                  2000b5f4    00000030     release_pem4.oem4 (.text:ti_sysbios_BIOS_startFunc__I)
                  2000b624    00000004     --HOLE-- [fill = 0]
                  2000b628    00000030     sysbios.aem4 : BIOS.obj (.text:ti_sysbios_family_arm_m3_TaskSupport_start__E)
                  2000b658    00000030     release_pem4.oem4 (.text:ti_sysbios_gates_GateHwi_Object__create__S)
                  2000b688    00000030     release_pem4.oem4 (.text:ti_sysbios_gates_GateMutex_Object__create__S)
                  2000b6b8    00000030     sysbios.aem4 : BIOS.obj (.text:ti_sysbios_gates_GateMutex_enter__E)
                  2000b6e8    00000030     release_pem4.oem4 (.text:ti_sysbios_heaps_HeapMem_Object__create__S)
                  2000b718    00000030     release_pem4.oem4 (.text:ti_sysbios_knl_Semaphore_construct)
                  2000b748    00000030     sysbios.aem4 : BIOS.obj (.text:ti_sysbios_knl_Semaphore_pendTimeout__I)
                  2000b778    00000030                  : BIOS.obj (.text:ti_sysbios_knl_Task_restore__E)
                  2000b7a8    00000030                  : BIOS.obj (.text:ti_sysbios_knl_Task_unblockI__E)
                  2000b7d8    0000002e     rtsv7M4_T_le_eabi.lib : i_tofd_t2.asm.obj (.text)
                  2000b806    00000002     --HOLE-- [fill = 0]
                  2000b808    0000002c     drivers_cc32xx.a : PowerCC32XX.oem4 (.text:PowerCC32XX_getParkState)
                  2000b834    0000002c     dpl_cc32xx.a : SemaphoreP_tirtos.oem4 (.text:SemaphoreP_constructBinary)
                  2000b860    0000002c                  : SemaphoreP_tirtos.oem4 (.text:SemaphoreP_createBinary)
                  2000b88c    00000004     --HOLE-- [fill = 0]
                  2000b890    0000002c     sysbios.aem4 : BIOS.obj (.text:_pthread_cleanupFxn)
                  2000b8bc    00000004     --HOLE-- [fill = 0]
                  2000b8c0    0000002c                  : BIOS.obj (.text:_pthread_delete$43)
                  2000b8ec    00000004     --HOLE-- [fill = 0]
                  2000b8f0    0000002c                  : BIOS.obj (.text:ti_sysbios_family_arm_m3_TimestampProvider_Module_startup__E)
                  2000b91c    0000002c     release_pem4.oem4 (.text:ti_sysbios_gates_GateHwi_Handle__label__S)
                  2000b948    0000002c     release_pem4.oem4 (.text:ti_sysbios_gates_GateMutex_Handle__label__S)
                  2000b974    0000002c     release_pem4.oem4 (.text:ti_sysbios_heaps_HeapMem_Handle__label__S)
                  2000b9a0    0000002c     release_pem4.oem4 (.text:ti_sysbios_knl_Clock_doTick__I)
                  2000b9cc    0000002c     release_pem4.oem4 (.text:ti_sysbios_knl_Queue_construct)
                  2000b9f8    0000002a     driverlib.a : timer.obj (.text:TimerLoadSet)
                  2000ba22    0000002a                 : timer.obj (.text:TimerPrescaleSet)
                  2000ba4c    00000028                 : i2c.obj (.text:I2CFIFODataPutNonBlocking)
                  2000ba74    00000028                 : prcm.obj (.text:PRCMPeripheralClkDisable)
                  2000ba9c    00000028     dpl_cc32xx.a : PowerCC32XX_tirtos.oem4 (.text:PowerCC32XX_initPolicy)
                  2000bac4    00000028     drivers_cc32xx.a : PowerCC32XX.oem4 (.text:Power_registerNotify)
                  2000baec    00000028     sysbios.aem4 : m3_Hwi_asm.obj (.text:ti_sysbios_family_arm_m3_Hwi_excHandlerAsm__I)
                  2000bb14    00000004     --HOLE-- [fill = 0]
                  2000bb18    00000028                  : BIOS.obj (.text:ti_sysbios_knl_Clock_addI__E)
                  2000bb40    00000028                  : BIOS.obj (.text:ti_sysbios_knl_Swi_Module_startup__E)
                  2000bb68    00000026     driverlib.a : i2c.obj (.text:I2CFIFODataGetNonBlocking)
                  2000bb8e    00000026     drivers_cc32xx.a : I2C.oem4 (.text:I2C_cancel)
                  2000bbb4    00000026                      : List.oem4 (.text:List_put)
                  2000bbda    00000026                      : List.oem4 (.text:List_remove)
                  2000bc00    00000024                      : PowerCC32XX.oem4 (.text:PowerCC32XX_reset)
                  2000bc24    00000024                      : TimerCC32XX.oem4 (.text:TimerSupport_timerDisable)
                  2000bc48    00000024     sysbios.aem4 : BIOS.obj (.text:pthread_attr_init)
                  2000bc6c    00000024     release_pem4.oem4 (.text:ti_sysbios_BIOS_registerRTSLock__I)
                  2000bc90    00000024     release_pem4.oem4 (.text:ti_sysbios_BIOS_removeRTSLock__I)
                  2000bcb4    00000004     --HOLE-- [fill = 0]
                  2000bcb8    00000024     sysbios.aem4 : BIOS.obj (.text:ti_sysbios_family_arm_m3_Timer_postInit__I)
                  2000bcdc    00000004     --HOLE-- [fill = 0]
                  2000bce0    00000024                  : BIOS.obj (.text:ti_sysbios_family_arm_m3_Timer_startup__E)
                  2000bd04    00000024     release_pem4.oem4 (.text:ti_sysbios_gates_GateMutex_Object__delete__S)
                  2000bd28    00000024     sysbios.aem4 : BIOS.obj (.text:ti_sysbios_knl_Clock_Module_startup__E)
                  2000bd4c    00000024     release_pem4.oem4 (.text:ti_sysbios_knl_Clock_Object__delete__S)
                  2000bd70    00000024     sysbios.aem4 : BIOS.obj (.text:ti_sysbios_knl_Clock_start__E)
                  2000bd94    00000004     --HOLE-- [fill = 0]
                  2000bd98    00000024                  : BIOS.obj (.text:ti_sysbios_knl_Semaphore_Instance_init__E)
                  2000bdbc    00000024     release_pem4.oem4 (.text:ti_sysbios_knl_Semaphore_Object__delete__S)
                  2000bde0    00000024     sysbios.aem4 : BIOS.obj (.text:ti_sysbios_knl_Task_restoreHwi__E)
                  2000be04    00000004     --HOLE-- [fill = 0]
                  2000be08    00000024                  : BIOS.obj (.text:xdc_runtime_Error_policyMin__E)
                  2000be2c    00000022     driverlib.a : i2c.obj (.text:I2CMasterSlaveAddrSet)
                  2000be4e    00000002     --HOLE-- [fill = 0]
                  2000be50    00000020     drivers_cc32xx.a : PowerCC32XX.oem4 (.text:Power_unregisterNotify)
                  2000be70    00000020                      : RingBuf.oem4 (.text:RingBuf_peek)
                  2000be90    00000020                      : UARTCC32XX.oem4 (.text:getPowerMgrId)
                  2000beb0    00000020     release_pem4.oem4 (.text:ti_sysbios_BIOS_rtsLock__I)
                  2000bed0    00000020     release_pem4.oem4 (.text:ti_sysbios_family_arm_m3_Hwi_Object__delete__S)
                  2000bef0    00000020     sysbios.aem4 : BIOS.obj (.text:ti_sysbios_family_arm_m3_Hwi_clearInterrupt__E)
                  2000bf10    00000020     release_pem4.oem4 (.text:ti_sysbios_gates_GateHwi_Object__delete__S)
                  2000bf30    00000020     release_pem4.oem4 (.text:ti_sysbios_heaps_HeapMem_Object__delete__S)
                  2000bf50    00000020     sysbios.aem4 : BIOS.obj (.text:ti_sysbios_knl_Idle_run__E)
                  2000bf70    00000020     release_pem4.oem4 (.text:ti_sysbios_knl_Semaphore_destruct)
                  2000bf90    00000020     release_pem4.oem4 (.text:ti_sysbios_knl_Task_Object__delete__S)
                  2000bfb0    0000001e     driverlib.a : i2c.obj (.text:I2CMasterIntStatusEx)
                  2000bfce    0000001e                 : timer.obj (.text:TimerDisable)
                  2000bfec    0000001e                 : timer.obj (.text:TimerEnable)
                  2000c00a    0000001e     sysbios.aem4 : m3_Hwi_asm_switch.obj (.text:ti_sysbios_family_xxx_Hwi_switchAndRunFunc)
                  2000c028    0000001c     driverlib.a : pin.obj (.text:PinToPadGet)
                  2000c044    0000001c     rtsv7M4_T_le_eabi.lib : memccpy.c.obj (.text:memccpy)
                  2000c060    0000001c     sysbios.aem4 : BIOS.obj (.text:ti_sysbios_family_arm_m3_Hwi_excHandler__I)
                  2000c07c    00000004     --HOLE-- [fill = 0]
                  2000c080    0000001c                  : BIOS.obj (.text:ti_sysbios_family_arm_m3_Timer_Module_startup__E)
                  2000c09c    00000004     --HOLE-- [fill = 0]
                  2000c0a0    0000001c                  : BIOS.obj (.text:ti_sysbios_family_arm_m3_Timer_stop__E)
                  2000c0bc    00000004     --HOLE-- [fill = 0]
                  2000c0c0    0000001c                  : BIOS.obj (.text:ti_sysbios_gates_GateMutex_Instance_init__E)
                  2000c0dc    00000004     --HOLE-- [fill = 0]
                  2000c0e0    0000001c                  : BIOS.obj (.text:ti_sysbios_knl_Clock_Instance_finalize__E)
                  2000c0fc    0000001c     release_pem4.oem4 (.text:ti_sysbios_knl_Queue_destruct)
                  2000c118    0000001c     sysbios.aem4 : BIOS.obj (.text:ti_sysbios_knl_Queue_put__E)
                  2000c134    00000004     --HOLE-- [fill = 0]
                  2000c138    0000001c                  : BIOS.obj (.text:ti_sysbios_knl_Task_enter__I)
                  2000c154    00000004     --HOLE-- [fill = 0]
                  2000c158    0000001c                  : BIOS.obj (.text:ti_sysbios_rts_ti_ReentSupport_getReent__F)
                  2000c174    0000001a                  : m3_Hwi_asm.obj (.text:ti_sysbios_family_arm_m3_Hwi_pendSV__I)
                  2000c18e    00000018     driverlib.a : i2c.obj (.text:I2CMasterBusBusy)
                  2000c1a6    00000018                 : i2c.obj (.text:I2CMasterIntDisableEx)
                  2000c1be    00000018                 : i2c.obj (.text:I2CMasterIntEnableEx)
                  2000c1d6    00000018                 : i2c.obj (.text:I2CRxFIFOFlush)
                  2000c1ee    00000018                 : i2c.obj (.text:I2CTxFIFOFlush)
                  2000c206    00000002     --HOLE-- [fill = 0]
                  2000c208    00000018     drivers_cc32xx.a : PowerCC32XX.oem4 (.text:Power_getTransitionLatency)
                  2000c220    00000018                      : PowerCC32XX.oem4 (.text:Power_idleFunc)
                  2000c238    00000018     driverlib.a : timer.obj (.text:TimerIntDisable)
                  2000c250    00000018                 : timer.obj (.text:TimerIntEnable)
                  2000c268    00000018                 : uart.obj (.text:UARTBusy)
                  2000c280    00000018                 : uart.obj (.text:UARTIntEnable)
                  2000c298    00000018     drivers_cc32xx.a : UART.oem4 (.text:UART_Params_init)
                  2000c2b0    00000018     rtsv7M4_T_le_eabi.lib : args_main.c.obj (.text:_args_main)
                  2000c2c8    00000018                           : snprintf.c.obj (.text:_outc)
                  2000c2e0    00000018     gpiointerrupt.obj (.text:gpioButtonFxn0)
                  2000c2f8    00000018     gpiointerrupt.obj (.text:gpioButtonFxn1)
                  2000c310    00000018     rtsv7M4_T_le_eabi.lib : ll_mul_t2.asm.obj (.text)
                  2000c328    00000018     release_pem4.oem4 (.text:ti_sysbios_BIOS_rtsUnlock__I)
                  2000c340    00000018     release_pem4.oem4 (.text:ti_sysbios_family_arm_m3_Hwi_Module__startupDone__F)
                  2000c358    00000018     release_pem4.oem4 (.text:ti_sysbios_family_arm_m3_Timer_Module__startupDone__F)
                  2000c370    00000018     sysbios.aem4 : BIOS.obj (.text:ti_sysbios_gates_GateMutex_leave__E)
                  2000c388    00000018     release_pem4.oem4 (.text:ti_sysbios_rts_ti_ReentSupport_getTlsAddr__I)
                  2000c3a0    00000018     sysbios.aem4 : BIOS.obj (.text:xdc_runtime_Error_init__E)
                  2000c3b8    00000018                  : BIOS.obj (.text:xdc_runtime_System_exit__E)
                  2000c3d0    00000016     driverlib.a : i2c.obj (.text:I2CMasterBurstLengthSet)
                  2000c3e6    00000016                 : prcm.obj (.text:PRCMHIBRegRead)
                  2000c3fc    00000016                 : prcm.obj (.text:PRCMHIBRegWrite)
                  2000c412    00000016     rtsv7M4_T_le_eabi.lib : strchr.c.obj (.text:strchr)
                  2000c428    00000016     release_pem4.oem4 (.text:ti_sysbios_BIOS_exitFunc__I)
                  2000c43e    00000014     drivers_cc32xx.a : I2CCC32XX.oem4 (.text:I2CSupport_masterFinish)
                  2000c452    00000014                      : I2C.oem4 (.text:I2C_transfer)
                  2000c466    00000002     --HOLE-- [fill = 0]
                  2000c468    00000014                      : PowerCC32XX.oem4 (.text:Power_getDependencyCount)
                  2000c47c    00000004     --HOLE-- [fill = 0]
                  2000c480    00000014     sysbios.aem4 : BIOS.obj (.text:pthread_attr_setschedparam)
                  2000c494    00000014     drivers_cc32xx.a : UARTCC32XX.oem4 (.text:releasePowerConstraint)
                  2000c4a8    00000014     rtsv7M4_T_le_eabi.lib : strlen.c.obj (.text:strlen)
                  2000c4bc    00000014     release_pem4.oem4 (.text:ti_sysbios_family_arm_m3_Hwi_Object__get__S)
                  2000c4d0    00000014     sysbios.aem4 : BIOS.obj (.text:ti_sysbios_family_arm_m3_Hwi_switchFromBootStack__E)
                  2000c4e4    00000014     release_pem4.oem4 (.text:ti_sysbios_heaps_HeapMem_Object__get__S)
                  2000c4f8    00000014     sysbios.aem4 : BIOS.obj (.text:ti_sysbios_knl_Clock_tickReconfig__E)
                  2000c50c    00000014     release_pem4.oem4 (.text:ti_sysbios_knl_Swi_Object__get__S)
                  2000c520    00000012     driverlib.a : i2c.obj (.text:I2CMasterIntClearEx)
                  2000c532    00000012     drivers_cc32xx.a : RingBuf.oem4 (.text:RingBuf_construct)
                  2000c544    00000012     dpl_cc32xx.a : SemaphoreP_tirtos.oem4 (.text:SemaphoreP_pend)
                  2000c556    00000012     driverlib.a : timer.obj (.text:TimerIntClear)
                  2000c568    00000012     sysbios.aem4 : BIOS.obj (.text:_pthread_runStub$43)
                  2000c57a    00000006     drivers_cc32xx.a : I2CCC32XX.oem4 (.text:I2CSupport_powerRelConstraint)
                  2000c580    00000012     sysbios.aem4 : BIOS.obj (.text:ti_sysbios_hal_Hwi_Module_startup__E)
                  2000c592    00000012     rtsv7M4_T_le_eabi.lib : wcslen.c.obj (.text:wcslen)
                  2000c5a4    00000012     release_pem4.oem4 (.text:xdc_runtime_Startup_exec__I)
                  2000c5b6    00000010     ti_drivers_config.obj (.text:Board_init)
                  2000c5c6    00000010     dpl_cc32xx.a : HwiP_tirtos.oem4 (.text:HwiP_Params_init)
                  2000c5d6    00000010     driverlib.a : i2c.obj (.text:I2CFIFOStatus)
                  2000c5e6    00000002     --HOLE-- [fill = 0]
                  2000c5e8    00000010     drivers_cc32xx.a : I2C.oem4 (.text:I2C_Params_init)
                  2000c5f8    00000010                      : Timer.oem4 (.text:Timer_Params_init)
                  2000c608    00000010                      : UARTCC32XX.oem4 (.text:readBlockingTimeout)
                  2000c618    00000010     sysbios.aem4 : BIOS.obj (.text:ti_sysbios_BIOS_getCpuFreq__E)
                  2000c628    00000010                  : BIOS.obj (.text:ti_sysbios_BIOS_setThreadType__E)
                  2000c638    00000010                  : BIOS.obj (.text:ti_sysbios_BIOS_start__E)
                  2000c648    00000010                  : m3_TaskSupport_asm.obj (.text:ti_sysbios_family_arm_m3_TaskSupport_glue)
                  2000c658    00000010                  : m3_TaskSupport_asm.obj (.text:ti_sysbios_family_arm_m3_TaskSupport_swap__E)
                  2000c668    00000010                  : BIOS.obj (.text:ti_sysbios_gates_GateMutex_Instance_finalize__E)
                  2000c678    00000010     release_pem4.oem4 (.text:ti_sysbios_knl_Mailbox_Object__get__S)
                  2000c688    00000010     sysbios.aem4 : BIOS.obj (.text:ti_sysbios_knl_Semaphore_Instance_finalize__E)
                  2000c698    00000010                  : BIOS.obj (.text:ti_sysbios_knl_Swi_disable__E)
                  2000c6a8    00000010     release_pem4.oem4 (.text:ti_sysbios_knl_Task_Object__get__S)
                  2000c6b8    00000010     sysbios.aem4 : BIOS.obj (.text:ti_sysbios_knl_Task_disable__E)
                  2000c6c8    00000010                  : BIOS.obj (.text:xdc_runtime_Memory_free__E)
                  2000c6d8    00000010                  : BIOS.obj (.text:xdc_runtime_SysCallback_abort__E)
                  2000c6e8    00000010                  : BIOS.obj (.text:xdc_runtime_SysCallback_exit__E)
                  2000c6f8    0000000e     drivers_cc32xx.a : I2CCC32XX.oem4 (.text:I2CCC32XX_updateReg)
                  2000c706    0000000e                      : RingBuf.oem4 (.text:RingBuf_isFull)
                  2000c714    0000000e     rtsv7M4_T_le_eabi.lib : copy_decompress_none.c.obj (.text:decompress:none:__TI_decompress_none)
                  2000c722    00000006     drivers_cc32xx.a : I2CCC32XX.oem4 (.text:I2CSupport_powerSetConstraint)
                  2000c728    0000000e     sysbios.aem4 : BIOS.obj (.text:pthread_attr_setdetachstate)
                  2000c736    00000002     --HOLE-- [fill = 0]
                  2000c738    0000000e                  : BIOS.obj (.text:ti_sysbios_knl_Idle_loop__E)
                  2000c746    00000002     --HOLE-- [fill = 0]
                  2000c748    0000000e                  : BIOS.obj (.text:ti_sysbios_knl_Queue_empty__E)
                  2000c756    0000000c     dpl_cc32xx.a : ClockP_tirtos.oem4 (.text:ClockP_delete)
                  2000c762    0000000c                  : HwiP_tirtos.oem4 (.text:HwiP_delete)
                  2000c76e    0000000c     drivers_cc32xx.a : I2CCC32XX.oem4 (.text:I2CCC32XX_postNotify)
                  2000c77a    00000002     --HOLE-- [fill = 0]
                  2000c77c    0000000c                      : PowerCC32XX.oem4 (.text:Power_getConstraintMask)
                  2000c788    0000000c     dpl_cc32xx.a : SemaphoreP_tirtos.oem4 (.text:SemaphoreP_delete)
                  2000c794    0000000c     rtsv7M4_T_le_eabi.lib : _lock.c.obj (.text:_register_lock)
                  2000c7a0    0000000c                           : _lock.c.obj (.text:_register_unlock)
                  2000c7ac    0000000c                           : s_copysign.c.obj (.text:copysign)
                  2000c7b8    0000000c                           : copy_zero_init.c.obj (.text:decompress:ZI:__TI_zero_init)
                  2000c7c4    0000000c     drivers_cc32xx.a : TimerCC32XX.oem4 (.text:postNotifyFxn)
                  2000c7d0    0000000c                      : UARTCC32XX.oem4 (.text:postNotifyFxn)
                  2000c7dc    0000000c     release_pem4.oem4 (.text:ti_sysbios_family_arm_m3_Hwi_Params__init__S)
                  2000c7e8    0000000c     sysbios.aem4 : BIOS.obj (.text:ti_sysbios_family_arm_m3_Hwi_disableFxn__E)
                  2000c7f4    00000004     --HOLE-- [fill = 0]
                  2000c7f8    0000000c                  : BIOS.obj (.text:ti_sysbios_family_arm_m3_TaskSupport_getStackAlignment__E)
                  2000c804    00000004     --HOLE-- [fill = 0]
                  2000c808    0000000c                  : BIOS.obj (.text:ti_sysbios_gates_GateHwi_enter__E)
                  2000c814    0000000c     release_pem4.oem4 (.text:ti_sysbios_knl_Clock_Params__init__S)
                  2000c820    0000000c     sysbios.aem4 : BIOS.obj (.text:ti_sysbios_knl_Clock_getTicks__E)
                  2000c82c    00000004     --HOLE-- [fill = 0]
                  2000c830    0000000c                  : BIOS.obj (.text:ti_sysbios_knl_Clock_setTicks__E)
                  2000c83c    00000004     --HOLE-- [fill = 0]
                  2000c840    0000000c                  : BIOS.obj (.text:ti_sysbios_knl_Clock_tickStart__E)
                  2000c84c    00000004     --HOLE-- [fill = 0]
                  2000c850    0000000c                  : BIOS.obj (.text:ti_sysbios_knl_Clock_tickStop__E)
                  2000c85c    0000000c     release_pem4.oem4 (.text:ti_sysbios_knl_Queue_Object__get__S)
                  2000c868    0000000c     release_pem4.oem4 (.text:ti_sysbios_knl_Semaphore_Params__init__S)
                  2000c874    0000000c     release_pem4.oem4 (.text:ti_sysbios_knl_Task_Params__init__S)
                  2000c880    0000000c     sysbios.aem4 : BIOS.obj (.text:ti_sysbios_knl_Task_self__E)
                  2000c88c    00000004     --HOLE-- [fill = 0]
                  2000c890    0000000c                  : BIOS.obj (.text:ti_sysbios_rts_ti_ReentSupport_taskRegHook__I)
                  2000c89c    00000004     --HOLE-- [fill = 0]
                  2000c8a0    0000000c                  : BIOS.obj (.text:xdc_runtime_Startup_rtsDone__E)
                  2000c8ac    0000000a     dpl_cc32xx.a : ClockP_tirtos.oem4 (.text:ClockP_Params_init)
                  2000c8b6    0000000a     drivers_cc32xx.a : UART.oem4 (.text:UART_write)
                  2000c8c0    0000000a     release_pem4.oem4 (.text:xdc_runtime_IHeap_alloc)
                  2000c8ca    0000000a     release_pem4.oem4 (.text:xdc_runtime_IHeap_free)
                  2000c8d4    00000008     drivers_cc32xx.a : I2CCC32XX.oem4 (.text:I2CCC32XX_blockingCallback)
                  2000c8dc    00000008     dpl_cc32xx.a : SemaphoreP_tirtos.oem4 (.text:SemaphoreP_Params_init)
                  2000c8e4    00000004     --HOLE-- [fill = 0]
                  2000c8e8    00000008     sysbios.aem4 : BIOS.obj (.text:pthread_attr_setstacksize)
                  2000c8f0    00000008     drivers_cc32xx.a : UARTCC32XX.oem4 (.text:readSemCallback)
                  2000c8f8    00000008     sysbios.aem4 : BIOS.obj (.text:ti_sysbios_family_arm_m3_Hwi_doSwiRestore__I)
                  2000c900    00000008                  : BIOS.obj (.text:ti_sysbios_family_arm_m3_Hwi_startup__E)
                  2000c908    00000008     drivers_cc32xx.a : UARTCC32XX.oem4 (.text:writeSemCallback)
                  2000c910    00000006     driverlib.a : utils.obj (.text:UtilsDelay)
                  2000c916    00000002     --HOLE-- [fill = 0]
                  2000c918    00000006     sysbios.aem4 : BIOS.obj (.text:ti_sysbios_family_arm_m3_Hwi_doTaskRestore__I)
                  2000c91e    00000002     --HOLE-- [fill = 0]
                  2000c920    00000006                  : BIOS.obj (.text:ti_sysbios_family_arm_m3_Hwi_restoreFxn__E)
                  2000c926    00000002     --HOLE-- [fill = 0]
                  2000c928    00000006                  : BIOS.obj (.text:ti_sysbios_gates_GateHwi_leave__E)
                  2000c92e    00000002     --HOLE-- [fill = 0]
                  2000c930    00000006                  : BIOS.obj (.text:ti_sysbios_heaps_HeapMem_isBlocking__E)
                  2000c936    00000002     --HOLE-- [fill = 0]
                  2000c938    00000006                  : BIOS.obj (.text:ti_sysbios_knl_Clock_stop__E)
                  2000c93e    00000002     --HOLE-- [fill = 0]
                  2000c940    00000006                  : BIOS.obj (.text:ti_sysbios_knl_Queue_Instance_init__E)
                  2000c946    00000002     --HOLE-- [fill = 0]
                  2000c948    00000006                  : BIOS.obj (.text:ti_sysbios_knl_Swi_startup__E)
                  2000c94e    00000002     --HOLE-- [fill = 0]
                  2000c950    00000006                  : BIOS.obj (.text:xdc_runtime_System_Module_startup__E)
                  2000c956    00000002     --HOLE-- [fill = 0]
                  2000c958    00000004                  : BIOS.obj (.text:__aeabi_errno_addr)
                  2000c95c    00000004     --HOLE-- [fill = 0]
                  2000c960    00000004                  : BIOS.obj (.text:ti_sysbios_family_arm_m3_Timer_getMaxTicks__E)
                  2000c964    00000004     --HOLE-- [fill = 0]
                  2000c968    00000004                  : BIOS.obj (.text:ti_sysbios_gates_GateHwi_query__E)
                  2000c96c    00000004     --HOLE-- [fill = 0]
                  2000c970    00000004                  : BIOS.obj (.text:ti_sysbios_gates_GateMutex_query__E)
                  2000c974    00000004     --HOLE-- [fill = 0]
                  2000c978    00000004                  : BIOS.obj (.text:ti_sysbios_knl_Clock_setTimeout__E)
                  2000c97c    00000004     --HOLE-- [fill = 0]
                  2000c980    00000004                  : BIOS.obj (.text:ti_sysbios_knl_Task_startup__E)
                  2000c984    00000004     --HOLE-- [fill = 0]
                  2000c988    00000002                  : BIOS.obj (.text:ti_sysbios_BIOS_linkedWithIncorrectBootLibrary__E)
                  2000c98a    00000006     --HOLE-- [fill = 0]
                  2000c990    00000002                  : BIOS.obj (.text:ti_sysbios_gates_GateHwi_Instance_init__E)
                  2000c992    00000006     --HOLE-- [fill = 0]
                  2000c998    00000002                  : BIOS.obj (.text:ti_sysbios_knl_Clock_logTick__E)
                  2000c99a    00000006     --HOLE-- [fill = 0]
                  2000c9a0    00000002                  : BIOS.obj (.text:xdc_runtime_SysCallback_defaultAbort)
                  2000c9a2    00000006     --HOLE-- [fill = 0]
                  2000c9a8    00000002                  : BIOS.obj (.text:xdc_runtime_SysCallback_defaultExit)
                  2000c9aa    00000006     --HOLE-- [fill = 0]
                  2000c9b0    00000002                  : BIOS.obj (.text:xdc_runtime_System_abortSpin__E)
                  2000c9b2    00000006     --HOLE-- [fill = 0]
                  2000c9b8    00000002                  : BIOS.obj (.text:xdc_runtime_System_exitSpin__E)

.bss       0    200149c0    0000093a     UNINITIALIZED
                  200149c0    0000030c     (.common:ti_sysbios_family_arm_m3_Hwi_dispatchTable)
                  20014ccc    00000004     drivers_cc32xx.a : GPIOCC32XX.oem4 (.bss)
                  20014cd0    00000200     release_pem4.oem4 (.bss:taskStackSection)
                  20014ed0    0000012c     (.common:PowerCC32XX_contextSave)
                  20014ffc    000000fc     (.common:i2cCC32XXObjects)
                  200150f8    00000084     (.common:timerCC32XXObjects)
                  2001517c    00000084     (.common:uartCC32XXObjects0)
                  20015200    00000040     (.common:output)
                  20015240    00000020     drivers_cc32xx.a : GPIOCC32XX.oem4 (.bss:gpioCallbackInfo)
                  20015260    00000020     ti_drivers_config.obj (.bss:uartCC32XXRingBuffer0)
                  20015280    00000020     (.common:i2cTransaction)
                  200152a0    00000020     (.common:tasks)
                  200152c0    00000014     drivers_cc32xx.a : GPIOCC32XX.oem4 (.bss:powerNotifyObj)
                  200152d4    00000004                      : TimerCC32XX.oem4 (.bss:timerState)
                  200152d8    00000004     (.common:heat)
                  200152dc    00000004     (.common:i2c)
                  200152e0    00000004     (.common:rxBuffer)
                  200152e4    00000004     (.common:setTemp)
                  200152e8    00000004     (.common:ti_sysbios_knl_Task_Instance_State_0_hookEnv__A)
                  200152ec    00000004     (.common:timer0)
                  200152f0    00000004     (.common:txBuffer)
                  200152f4    00000004     (.common:uart)
                  200152f8    00000002     (.common:currentTemp)

.const     0    200152fc    000008b0     
                  200152fc    00000101     rtsv7M4_T_le_eabi.lib : ctype.c.obj (.const:.string:_ctypes_)
                  200153fd    00000001     release_pem4.oem4 (.const:ti_sysbios_knl_Clock_tickMode__C)
                  200153fe    00000002     release_pem4.oem4 (.const:ti_sysbios_family_arm_m3_Hwi_Module__id__C)
                  20015400    00000100     driverlib.a : pin.obj (.const:g_ulPinToPadMap)
                  20015500    000000a8                 : prcm.obj (.const:PRCM_PeriphRegsList)
                  200155a8    00000044     ti_drivers_config.obj (.const:PowerCC32XX_config)
                  200155ec    0000003c     release_pem4.oem4 (.const:ti_sysbios_knl_Task_Object__PARAMS__C)
                  20015628    00000030     release_pem4.oem4 (.const:ti_sysbios_family_arm_m3_Hwi_Object__PARAMS__C)
                  20015658    00000028     drivers_cc32xx.a : UARTCC32XX.oem4 (.const:UARTCC32XX_fxnTable)
                  20015680    00000028     release_pem4.oem4 (.const:ti_sysbios_heaps_HeapMem_Module__FXNS__C)
                  200156a8    00000024     drivers_cc32xx.a : UART.oem4 (.const:UART_defaultParams)
                  200156cc    00000024     release_pem4.oem4 (.const:ti_sysbios_gates_GateHwi_Module__FXNS__C)
                  200156f0    00000024     release_pem4.oem4 (.const:ti_sysbios_gates_GateMutex_Module__FXNS__C)
                  20015714    00000024     release_pem4.oem4 (.const:ti_sysbios_heaps_HeapMem_Object__PARAMS__C)
                  20015738    00000024     release_pem4.oem4 (.const:ti_sysbios_knl_Clock_Object__PARAMS__C)
                  2001575c    00000024     release_pem4.oem4 (.const:ti_sysbios_knl_Semaphore_Object__PARAMS__C)
                  20015780    00000024     ti_drivers_config.obj (.const:uartCC32XXHWAttrs0)
                  200157a4    00000024     release_pem4.oem4 (.const:xdc_runtime_Startup_sfxnTab__A)
                  200157c8    00000021     drivers_cc32xx.a : GPIOCC32XX.oem4 (.const:.string:pinTable)
                  200157e9    00000001     release_pem4.oem4 (.const:ti_sysbios_knl_Clock_tickSource__C)
                  200157ea    00000002     release_pem4.oem4 (.const:ti_sysbios_family_arm_m3_Timer_Module__id__C)
                  200157ec    00000020     drivers_cc32xx.a : UARTCC32XX.oem4 (.const:staticFxnTable)
                  2001580c    00000020     release_pem4.oem4 (.const:ti_sysbios_family_arm_m3_Hwi_Object__DESC__C)
                  2001582c    00000020     release_pem4.oem4 (.const:ti_sysbios_gates_GateHwi_Object__DESC__C)
                  2001584c    00000020     release_pem4.oem4 (.const:ti_sysbios_gates_GateMutex_Object__DESC__C)
                  2001586c    00000020     release_pem4.oem4 (.const:ti_sysbios_heaps_HeapMem_Object__DESC__C)
                  2001588c    00000020     release_pem4.oem4 (.const:ti_sysbios_knl_Clock_Object__DESC__C)
                  200158ac    00000020     release_pem4.oem4 (.const:ti_sysbios_knl_Queue_Object__DESC__C)
                  200158cc    00000020     release_pem4.oem4 (.const:ti_sysbios_knl_Semaphore_Object__DESC__C)
                  200158ec    00000020     release_pem4.oem4 (.const:ti_sysbios_knl_Task_Object__DESC__C)
                  2001590c    00000018     gpiointerrupt.obj (.const:sensors)
                  20015924    00000018     release_pem4.oem4 (.const:ti_sysbios_gates_GateHwi_Object__PARAMS__C)
                  2001593c    00000018     release_pem4.oem4 (.const:ti_sysbios_gates_GateMutex_Object__PARAMS__C)
                  20015954    00000018     release_pem4.oem4 (.const:ti_sysbios_knl_Queue_Object__PARAMS__C)
                  2001596c    00000018     release_pem4.oem4 (.const:ti_sysbios_knl_Task_hooks__A)
                  20015984    00000014     ti_drivers_config.obj (.const:GPIOCC32XX_config)
                  20015998    00000014     drivers_cc32xx.a : GPIOCC32XX.oem4 (.const:gpioBaseAddresses)
                  200159ac    00000014     ti_drivers_config.obj (.const:i2cCC32XXHWAttrs)
                  200159c0    00000014     drivers_cc32xx.a : UARTCC32XX.oem4 (.const:parityType)
                  200159d4    00000014                      : GPIOCC32XX.oem4 (.const:powerResources)
                  200159e8    00000012     release_pem4.oem4 (.const:xdc_runtime_Startup_sfxnRts__A)
                  200159fa    00000002     release_pem4.oem4 (.const:ti_sysbios_heaps_HeapMem_Module__id__C)
                  200159fc    00000010     drivers_cc32xx.a : I2C.oem4 (.const:I2C_defaultParams)
                  20015a0c    00000010                      : I2CCC32XX.oem4 (.const:I2C_defaultParams)
                  20015a1c    00000010                      : UARTCC32XX.oem4 (.const:dataLength)
                  20015a2c    00000010     ti_drivers_config.obj (.const:timerCC32XXHWAttrs)
                  20015a3c    0000000c     gpiointerrupt.obj (.const:.string)
                  20015a48    0000000c     ti_drivers_config.obj (.const:UART_config)
                  20015a54    0000000c     drivers_cc32xx.a : Timer.oem4 (.const:defaultParams)
                  20015a60    0000000c                      : TimerCC32XX.oem4 (.const:defaultParams)
                  20015a6c    0000000c     release_pem4.oem4 (.const:xdc_runtime_Startup_firstFxns__A)
                  20015a78    00000009     ti_drivers_config.obj (.const)
                  20015a81    00000001     release_pem4.oem4 (.const:xdc_runtime_Error_policy__C)
                  20015a82    00000002     release_pem4.oem4 (.const:xdc_runtime_Memory_Module__id__C)
                  20015a84    00000008     ti_drivers_config.obj (.const:I2C_config)
                  20015a8c    00000008     ti_drivers_config.obj (.const:Timer_config)
                  20015a94    00000008     drivers_cc32xx.a : GPIOCC32XX.oem4 (.const:outPinTypes)
                  20015a9c    00000008                      : UARTCC32XX.oem4 (.const:stopBits)
                  20015aa4    00000008     release_pem4.oem4 (.const:ti_sysbios_knl_Idle_funcList__A)
                  20015aac    00000008     release_pem4.oem4 (.const:ti_sysbios_knl_Idle_funcList__C)
                  20015ab4    00000008     release_pem4.oem4 (.const:ti_sysbios_knl_Task_hooks__C)
                  20015abc    00000008     release_pem4.oem4 (.const:xdc_runtime_Startup_firstFxns__C)
                  20015ac4    00000008     release_pem4.oem4 (.const:xdc_runtime_Startup_lastFxns__C)
                  20015acc    00000006     drivers_cc32xx.a : GPIOCC32XX.oem4 (.const:.string:interruptType)
                  20015ad2    00000006                      : GPIOCC32XX.oem4 (.const:inPinTypes)
                  20015ad8    00000006                      : GPIOCC32XX.oem4 (.const:outPinStrengths)
                  20015ade    00000004                      : GPIOCC32XX.oem4 (.const:.string:portInterruptIds)
                  20015ae2    00000002     --HOLE-- [fill = 0]
                  20015ae4    00000004     release_pem4.oem4 (.const:ti_sysbios_family_arm_m3_Hwi_E_alreadyDefined__C)
                  20015ae8    00000004     release_pem4.oem4 (.const:ti_sysbios_family_arm_m3_Hwi_E_badIntNum__C)
                  20015aec    00000004     release_pem4.oem4 (.const:ti_sysbios_family_arm_m3_Hwi_NUM_INTERRUPTS__C)
                  20015af0    00000004     release_pem4.oem4 (.const:ti_sysbios_family_arm_m3_Hwi_Object__count__C)
                  20015af4    00000004     release_pem4.oem4 (.const:ti_sysbios_family_arm_m3_Hwi_ccr__C)
                  20015af8    00000004     release_pem4.oem4 (.const:ti_sysbios_family_arm_m3_Hwi_excHandlerFunc__C)
                  20015afc    00000004     release_pem4.oem4 (.const:ti_sysbios_family_arm_m3_Hwi_nullIsrFunc__C)
                  20015b00    00000004     release_pem4.oem4 (.const:ti_sysbios_family_arm_m3_Hwi_priGroup__C)
                  20015b04    00000004     release_pem4.oem4 (.const:ti_sysbios_family_arm_m3_Hwi_swiDisable__C)
                  20015b08    00000004     release_pem4.oem4 (.const:ti_sysbios_family_arm_m3_Hwi_swiRestore__C)
                  20015b0c    00000004     release_pem4.oem4 (.const:ti_sysbios_family_arm_m3_TaskSupport_stackAlignment__C)
                  20015b10    00000004     release_pem4.oem4 (.const:ti_sysbios_family_arm_m3_Timer_E_cannotSupport__C)
                  20015b14    00000004     release_pem4.oem4 (.const:ti_sysbios_family_arm_m3_Timer_startupNeeded__C)
                  20015b18    00000004     release_pem4.oem4 (.const:ti_sysbios_gates_GateMutex_Instance_State_sem__O)
                  20015b1c    00000004     release_pem4.oem4 (.const:ti_sysbios_heaps_HeapMem_E_memory__C)
                  20015b20    00000004     release_pem4.oem4 (.const:ti_sysbios_heaps_HeapMem_Module__gateObj__C)
                  20015b24    00000004     release_pem4.oem4 (.const:ti_sysbios_heaps_HeapMem_Object__count__C)
                  20015b28    00000004     release_pem4.oem4 (.const:ti_sysbios_heaps_HeapMem_primaryHeapBaseAddr__C)
                  20015b2c    00000004     release_pem4.oem4 (.const:ti_sysbios_heaps_HeapMem_primaryHeapEndAddr__C)
                  20015b30    00000004     release_pem4.oem4 (.const:ti_sysbios_heaps_HeapMem_reqAlign__C)
                  20015b34    00000004     release_pem4.oem4 (.const:ti_sysbios_knl_Clock_Module_State_clockQ__O)
                  20015b38    00000004     release_pem4.oem4 (.const:ti_sysbios_knl_Clock_tickPeriod__C)
                  20015b3c    00000004     release_pem4.oem4 (.const:ti_sysbios_knl_Mailbox_Instance_State_freeQue__O)
                  20015b40    00000004     release_pem4.oem4 (.const:ti_sysbios_knl_Mailbox_Object__count__C)
                  20015b44    00000004     release_pem4.oem4 (.const:ti_sysbios_knl_Mailbox_maxTypeAlign__C)
                  20015b48    00000004     release_pem4.oem4 (.const:ti_sysbios_knl_Semaphore_Instance_State_pendQ__O)
                  20015b4c    00000004     release_pem4.oem4 (.const:ti_sysbios_knl_Swi_Object__count__C)
                  20015b50    00000004     release_pem4.oem4 (.const:ti_sysbios_knl_Task_Module_State_inactiveQ__O)
                  20015b54    00000004     release_pem4.oem4 (.const:ti_sysbios_knl_Task_Object__count__C)
                  20015b58    00000004     release_pem4.oem4 (.const:ti_sysbios_knl_Task_Object__heap__C)
                  20015b5c    00000004     release_pem4.oem4 (.const:ti_sysbios_knl_Task_allBlockedFunc__C)
                  20015b60    00000004     release_pem4.oem4 (.const:ti_sysbios_knl_Task_defaultStackHeap__C)
                  20015b64    00000004     release_pem4.oem4 (.const:ti_sysbios_knl_Task_defaultStackSize__C)
                  20015b68    00000004     release_pem4.oem4 (.const:ti_sysbios_knl_Task_numConstructedTasks__C)
                  20015b6c    00000004     release_pem4.oem4 (.const:xdc_runtime_Error_E_memory__C)
                  20015b70    00000004     release_pem4.oem4 (.const:xdc_runtime_Error_policyFxn__C)
                  20015b74    00000004     release_pem4.oem4 (.const:xdc_runtime_IGateProvider_Interface__BASE__C)
                  20015b78    00000004     release_pem4.oem4 (.const:xdc_runtime_IHeap_Interface__BASE__C)
                  20015b7c    00000004     release_pem4.oem4 (.const:xdc_runtime_IModule_Interface__BASE__C)
                  20015b80    00000004     release_pem4.oem4 (.const:xdc_runtime_Memory_defaultHeapInstance__C)
                  20015b84    00000004     release_pem4.oem4 (.const:xdc_runtime_Startup_execImpl__C)
                  20015b88    00000004     release_pem4.oem4 (.const:xdc_runtime_Startup_maxPasses__C)
                  20015b8c    00000004     release_pem4.oem4 (.const:xdc_runtime_Startup_sfxnRts__C)
                  20015b90    00000004     release_pem4.oem4 (.const:xdc_runtime_Startup_sfxnTab__C)
                  20015b94    00000004     release_pem4.oem4 (.const:xdc_runtime_SysCallback_abortFxn__C)
                  20015b98    00000004     release_pem4.oem4 (.const:xdc_runtime_SysCallback_exitFxn__C)
                  20015b9c    00000004     release_pem4.oem4 (.const:xdc_runtime_System_Module__gateObj__C)
                  20015ba0    00000004     release_pem4.oem4 (.const:xdc_runtime_System_abortFxn__C)
                  20015ba4    00000004     release_pem4.oem4 (.const:xdc_runtime_System_exitFxn__C)
                  20015ba8    00000004     release_pem4.oem4 (.const:xdc_runtime_System_maxAtexitHandlers__C)

.data      0    20015bac    000006f0     UNINITIALIZED
                  20015bac    0000016c     drivers_cc32xx.a : PowerCC32XX.oem4 (.data:PowerCC32XX_module)
                  20015d18    000000f8     ti_drivers_config.obj (.data:parkInfo)
                  20015e10    000000b4     sysbios.aem4 : BIOS.obj (.data:$O1$$)
                  20015ec4    00000080     release_pem4.oem4 (.data:ti_sysbios_knl_Swi_Module_State_0_readyQ__A)
                  20015f44    00000080     release_pem4.oem4 (.data:ti_sysbios_knl_Task_Module_State_0_readyQ__A)
                  20015fc4    0000004c     release_pem4.oem4 (.data:ti_sysbios_knl_Task_Object__table__V)
                  20016010    00000044     release_pem4.oem4 (.data:ti_sysbios_knl_Task_Module__state__V)
                  20016054    00000038     release_pem4.oem4 (.data:ti_sysbios_gates_GateMutex_Object__table__V)
                  2001608c    00000034     release_pem4.oem4 (.data:ti_sysbios_family_arm_m3_Hwi_Module__state__V)
                  200160c0    00000030     release_pem4.oem4 (.data:ti_sysbios_family_arm_m3_Timer_Object__table__V)
                  200160f0    00000030     release_pem4.oem4 (.data:ti_sysbios_knl_Swi_Object__table__V)
                  20016120    0000002c     release_pem4.oem4 (.data:ti_sysbios_knl_Clock_Module__state__V)
                  2001614c    00000024     release_pem4.oem4 (.data:ti_sysbios_BIOS_Module__state__V)
                  20016170    00000020     release_pem4.oem4 (.data:xdc_runtime_Error_IgnoreBlock)
                  20016190    0000001c     release_pem4.oem4 (.data:ti_sysbios_knl_Swi_Module__state__V)
                  200161ac    00000018     release_pem4.oem4 (.data:ti_sysbios_family_arm_m3_Hwi_Object__table__V)
                  200161c4    00000018     release_pem4.oem4 (.data:ti_sysbios_heaps_HeapMem_Object__table__V)
                  200161dc    00000010     gpiointerrupt.obj (.data)
                  200161ec    0000000c     ti_drivers_config.obj (.data:gpioCallbackFunctions)
                  200161f8    0000000c     ti_drivers_config.obj (.data:gpioPinConfigs)
                  20016204    0000000c     release_pem4.oem4 (.data:ti_sysbios_family_arm_m3_Timer_Module__state__V)
                  20016210    00000009     drivers_cc32xx.a : GPIOCC32XX.oem4 (.data)
                  20016219    00000001                      : UART.oem4 (.data)
                  2001621a    00000002     release_pem4.oem4 (.data:ti_sysbios_family_arm_m3_Hwi_Module_State_0_excActive__A)
                  2001621c    00000008     rtsv7M4_T_le_eabi.lib : _lock.c.obj (.data:$O1$$)
                  20016224    00000008     release_pem4.oem4 (.data:ti_sysbios_family_arm_m3_Hwi_Module__root__V)
                  2001622c    00000008     release_pem4.oem4 (.data:ti_sysbios_gates_GateHwi_Module__root__V)
                  20016234    00000008     release_pem4.oem4 (.data:ti_sysbios_gates_GateMutex_Module__root__V)
                  2001623c    00000008     release_pem4.oem4 (.data:ti_sysbios_heaps_HeapMem_Module__root__V)
                  20016244    00000008     release_pem4.oem4 (.data:ti_sysbios_knl_Clock_Module__root__V)
                  2001624c    00000008     release_pem4.oem4 (.data:ti_sysbios_knl_Queue_Module__root__V)
                  20016254    00000008     release_pem4.oem4 (.data:ti_sysbios_knl_Semaphore_Module__root__V)
                  2001625c    00000008     release_pem4.oem4 (.data:ti_sysbios_knl_Task_Module__root__V)
                  20016264    00000008     release_pem4.oem4 (.data:xdc_runtime_Startup_Module__state__V)
                  2001626c    00000008     release_pem4.oem4 (.data:xdc_runtime_System_Module_State_0_atexitHandlers__A)
                  20016274    00000008     release_pem4.oem4 (.data:xdc_runtime_System_Module__state__V)
                  2001627c    00000004     rtsv7M4_T_le_eabi.lib : stkdepth_vars.c.obj (.data)
                  20016280    00000004     release_pem4.oem4 (.data:ti_sysbios_family_arm_m3_Hwi_Module_State_0_excContext__A)
                  20016284    00000004     release_pem4.oem4 (.data:ti_sysbios_family_arm_m3_Hwi_Module_State_0_excStack__A)
                  20016288    00000004     release_pem4.oem4 (.data:ti_sysbios_family_arm_m3_TimestampProvider_Module__state__V)
                  2001628c    00000004     release_pem4.oem4 (.data:ti_sysbios_gates_GateHwi_Object__table__V)
                  20016290    00000004     release_pem4.oem4 (.data:ti_sysbios_knl_Task_Module_State_0_idleTask__A)
                  20016294    00000004     release_pem4.oem4 (.data:ti_sysbios_rts_ti_ReentSupport_Module__state__V)
                  20016298    00000004     release_pem4.oem4 (.data:xdc_runtime_Memory_Module__state__V)

.vecs      0    20000000    0000030c     UNINITIALIZED
                  20000000    0000030c     release_pem4.oem4 (.vecs)

.stack     0    20003c00    00000400     UNINITIALIZED
                  20003c00    00000400     --HOLE--

.cinit     0    200162a0    00000268     
                  200162a0    0000022e     (.cinit..data.load) [load image, compression = lzss]
                  200164ce    00000002     --HOLE-- [fill = 0]
                  200164d0    0000000c     (__TI_handler_table)
                  200164dc    00000004     --HOLE-- [fill = 0]
                  200164e0    00000008     (.cinit..bss.load) [load image, compression = zero_init]
                  200164e8    00000008     (.cinit..vecs.load) [load image, compression = zero_init]
                  200164f0    00000018     (__TI_cinit_table)

.init_array 
*          0    20004000    00000000     UNINITIALIZED

.priheap   0    2000c9c0    00008000     UNINITIALIZED
                  2000c9c0    00008000     --HOLE--

.log_data 
*          0    90000000    00000000     COPY SECTION

.bootVecs 
*          0    00000000    00000008     DSECT
                  00000000    00000008     boot.aem4 : boot.oem4 (.bootVecs)

xdc.meta   0    00000000    00000102     COPY SECTION
                  00000000    00000102     release_pem4.oem4 (xdc.meta)

xdc.noload 
*          0    00000000    00000000     COPY SECTION

__llvm_prf_cnts 
*          0    20004000    00000000     UNINITIALIZED

MODULE SUMMARY

       Module                       code    ro data   rw data
       ------                       ----    -------   -------
    .\
       gpiointerrupt.obj            1856    36        174    
       main_tirtos.obj              100     0         0      
    +--+----------------------------+-------+---------+---------+
       Total:                       1956    36        174    
                                                             
    .\syscfg\
       ti_drivers_config.obj        18      197       820    
    +--+----------------------------+-------+---------+---------+
       Total:                       18      197       820    
                                                             
    C:\Users\black\workspace_v10\tirtos_builds_cc32xx_release_ccs_5_20_00_06\Debug\configPkg\package\cfg\
       release_pem4.oem4            1636    1777      2998   
    +--+----------------------------+-------+---------+---------+
       Total:                       1636    1777      2998   
                                                             
    C:/ti/simplelink_cc32xx_sdk_5_20_00_06/kernel/tirtos/packages/ti/dpl/lib/ccs/m4/dpl_cc32xx.a
       PowerCC32XX_tirtos.oem4      446     0         0      
       SemaphoreP_tirtos.oem4       194     0         0      
       HwiP_tirtos.oem4             170     0         0      
       ClockP_tirtos.oem4           102     0         0      
    +--+----------------------------+-------+---------+---------+
       Total:                       912     0         0      
                                                             
    C:/ti/simplelink_cc32xx_sdk_5_20_00_06/source/ti/devices/cc32xx/driverlib/ccs/Release/driverlib.a
       prcm.obj                     1604    168       0      
       pin.obj                      280     256       0      
       i2c.obj                      318     0         0      
       timer.obj                    264     0         0      
       flash.obj                    72      0         0      
       uart.obj                     48      0         0      
       utils.obj                    6       0         0      
    +--+----------------------------+-------+---------+---------+
       Total:                       2592    424       0      
                                                             
    C:/ti/simplelink_cc32xx_sdk_5_20_00_06/source/ti/drivers/lib/ccs/m4/drivers_cc32xx.a
       UARTCC32XX.oem4              3466    116       0      
       PowerCC32XX.oem4             2396    0         664    
       I2CCC32XX.oem4               1452    16        0      
       GPIOCC32XX.oem4              1208    103       65     
       TimerCC32XX.oem4             876     12        4      
       I2C.oem4                     366     16        0      
       UART.oem4                    166     36        1      
       RingBuf.oem4                 198     0         0      
       Timer.oem4                   140     12        0      
       PowerCC32XX_asm.oem4         150     0         0      
       List.oem4                    76      0         0      
    +--+----------------------------+-------+---------+---------+
       Total:                       10494   311       734    
                                                             
    C:\Users\black\workspace_v10\tirtos_builds_cc32xx_release_ccs_5_20_00_06\src\sysbios\sysbios.aem4
       BIOS.obj                     8064    0         180    
       m3_Hwi_asm.obj               270     0         0      
       m3_TaskSupport_asm.obj       108     0         0      
       m3_Hwi_asm_switch.obj        102     0         0      
    +--+----------------------------+-------+---------+---------+
       Total:                       8544    0         180    
                                                             
    C:\ti\ccs1031\ccs\tools\compiler\ti-cgt-arm_20.2.5.LTS\lib\rtsv7M4_T_le_eabi.lib
       _printfi.c.obj               4835    0         0      
       fd_add_t2.asm.obj            438     0         0      
       fd_div_t2.asm.obj            310     0         0      
       fd_cmp_t2.asm.obj            268     0         0      
       ctype.c.obj                  0       257       0      
       fd_mul_t2.asm.obj            252     0         0      
       s_scalbn.c.obj               208     0         0      
       memcpy_t2.asm.obj            156     0         0      
       ull_div_t2.asm.obj           150     0         0      
       snprintf.c.obj               148     0         0      
       fs_mul_t2.asm.obj            122     0         0      
       memset_t2.asm.obj            122     0         0      
       copy_decompress_lzss.c.obj   104     0         0      
       s_frexp.c.obj                92      0         0      
       _ltoa.c.obj                  84      0         0      
       atoi.c.obj                   76      0         0      
       cpy_tbl.c.obj                76      0         0      
       fd_toi_t2.asm.obj            72      0         0      
       fs_toi_t2.asm.obj            56      0         0      
       i_tofs_t2.asm.obj            56      0         0      
       i_tofd_t2.asm.obj            46      0         0      
       _lock.c.obj                  26      0         8      
       memccpy.c.obj                28      0         0      
       args_main.c.obj              24      0         0      
       ll_mul_t2.asm.obj            24      0         0      
       strchr.c.obj                 22      0         0      
       strlen.c.obj                 20      0         0      
       wcslen.c.obj                 18      0         0      
       copy_decompress_none.c.obj   14      0         0      
       copy_zero_init.c.obj         12      0         0      
       s_copysign.c.obj             12      0         0      
       stkdepth_vars.c.obj          0       0         4      
       div0.asm.obj                 2       0         0      
    +--+----------------------------+-------+---------+---------+
       Total:                       7873    257       12     
                                                             
    C:\ti\simplelink_cc32xx_sdk_5_20_00_06\kernel\tirtos\packages\ti\targets\arm\rtsarm\lib\auto_init.aem4
       auto_init.oem4               160     0         0      
[...]
2000c6e9  xdc_runtime_System_SupportProxy_exit__E                         
2000c707  RingBuf_isFull                                                  
2000c715  __TI_decompress_none                                            
2000c723  I2CSupport_powerSetConstraint                                   
2000c729  pthread_attr_setdetachstate                                     
2000c739  ti_sysbios_knl_Idle_loop__E                                     
2000c749  ti_sysbios_knl_Queue_empty__E                                   
2000c757  ClockP_delete                                                   
2000c763  HwiP_delete                                                     
2000c77d  Power_getConstraintMask                                         
2000c789  SemaphoreP_delete                                               
2000c795  _register_lock                                                  
2000c7a1  _register_unlock                                                
2000c7ad  copysign                                                        
2000c7ad  copysignl                                                       
2000c7b9  __TI_zero_init                                                  
2000c7dd  ti_sysbios_family_arm_m3_Hwi_Params__init__S                    
2000c7dd  ti_sysbios_hal_Hwi_HwiProxy_Params__init__S                     
2000c7e9  ti_sysbios_family_arm_m3_Hwi_disableFxn__E                      
2000c7e9  ti_sysbios_hal_Hwi_HwiProxy_disable__E                          
2000c7f9  ti_sysbios_family_arm_m3_TaskSupport_getStackAlignment__E       
2000c7f9  ti_sysbios_knl_Task_SupportProxy_getStackAlignment__E           
2000c809  ti_sysbios_gates_GateHwi_enter__E                               
2000c815  ti_sysbios_knl_Clock_Params__init__S                            
2000c821  ClockP_getSystemTicks                                           
2000c821  ti_sysbios_knl_Clock_getTicks__E                                
2000c831  ti_sysbios_knl_Clock_setTicks__E                                
2000c841  ti_sysbios_knl_Clock_tickStart__E                               
2000c851  ti_sysbios_knl_Clock_tickStop__E                                
2000c85d  ti_sysbios_knl_Queue_Object__get__S                             
2000c869  ti_sysbios_knl_Semaphore_Params__init__S                        
2000c875  ti_sysbios_knl_Task_Params__init__S                             
2000c881  ti_sysbios_knl_Task_self__E                                     
2000c891  ti_sysbios_rts_ti_ReentSupport_taskRegHook__I                   
2000c8a1  xdc_runtime_Startup_rtsDone__E                                  
2000c8ad  ClockP_Params_init                                              
2000c8b7  UART_write                                                      
2000c8c1  xdc_runtime_Memory_HeapProxy_alloc__E                           
2000c8cb  xdc_runtime_Memory_HeapProxy_free__E                            
2000c8dd  SemaphoreP_Params_init                                          
2000c8e9  pthread_attr_setstacksize                                       
2000c8f9  ti_sysbios_family_arm_m3_Hwi_doSwiRestore__I                    
2000c901  ti_sysbios_family_arm_m3_Hwi_startup__E                         
2000c901  ti_sysbios_hal_Hwi_HwiProxy_startup__E                          
2000c901  ti_sysbios_hal_Hwi_startup__E                                   
2000c911  UtilsDelay                                                      
2000c919  ti_sysbios_family_arm_m3_Hwi_doTaskRestore__I                   
2000c921  HwiP_restore                                                    
2000c921  ti_sysbios_family_arm_m3_Hwi_restoreFxn__E                      
2000c921  ti_sysbios_hal_Hwi_HwiProxy_restore__E                          
2000c929  ti_sysbios_gates_GateHwi_leave__E                               
2000c931  ti_sysbios_heaps_HeapMem_isBlocking__E                          
2000c939  ti_sysbios_knl_Clock_stop__E                                    
2000c941  ti_sysbios_knl_Queue_Instance_init__E                           
2000c949  ti_sysbios_knl_Swi_startup__E                                   
2000c951  xdc_runtime_System_Module_startup__E                            
2000c959  __aeabi_errno_addr                                              
2000c961  ti_sysbios_family_arm_m3_Timer_getMaxTicks__E                   
2000c969  ti_sysbios_gates_GateHwi_query__E                               
2000c969  xdc_runtime_Main_Module_GateProxy_query__E                      
2000c969  xdc_runtime_System_Module_GateProxy_query__E                    
2000c971  ti_sysbios_BIOS_RtsGateProxy_query__E                           
2000c971  ti_sysbios_gates_GateMutex_query__E                             
2000c971  ti_sysbios_heaps_HeapMem_Module_GateProxy_query__E              
2000c979  ti_sysbios_knl_Clock_setTimeout__E                              
2000c981  ti_sysbios_knl_Task_startup__E                                  
2000c989  ti_sysbios_BIOS_linkedWithIncorrectBootLibrary__E               
2000c991  ti_sysbios_gates_GateHwi_Instance_init__E                       
2000c999  ti_sysbios_knl_Clock_logTick__E                                 
2000c9a1  xdc_runtime_SysCallback_defaultAbort                            
2000c9a9  xdc_runtime_SysCallback_defaultExit                             
2000c9b1  xdc_runtime_System_abortSpin__E                                 
2000c9b9  xdc_runtime_System_exitSpin__E                                  
2000c9c0  __primary_heap_start__                                          
200149c0  __primary_heap_end__                                            
200149c0  ti_sysbios_family_arm_m3_Hwi_dispatchTable                      
20014cd0  ti_sysbios_knl_Task_Instance_State_0_stack__A                   
20014ed0  PowerCC32XX_contextSave                                         
20014ffc  i2cCC32XXObjects                                                
200150f8  timerCC32XXObjects                                              
2001517c  uartCC32XXObjects0                                              
20015200  output                                                          
20015280  i2cTransaction                                                  
200152a0  tasks                                                           
200152d8  heat                                                            
200152dc  i2c                                                             
200152e0  rxBuffer                                                        
200152e4  setTemp                                                         
200152e8  ti_sysbios_knl_Task_Instance_State_0_hookEnv__A                 
200152ec  timer0                                                          
200152f0  txBuffer                                                        
200152f4  uart                                                            
200152f8  currentTemp                                                     
200152fc  _ctypes_                                                        
200153fd  ti_sysbios_knl_Clock_tickMode__C                                
200153fe  ti_sysbios_family_arm_m3_Hwi_Module__id__C                      
200155a8  PowerCC32XX_config                                              
200155ec  ti_sysbios_knl_Task_Object__PARAMS__C                           
20015628  ti_sysbios_family_arm_m3_Hwi_Object__PARAMS__C                  
20015658  UARTCC32XX_fxnTable                                             
20015680  ti_sysbios_heaps_HeapMem_Module__FXNS__C                        
200156a8  UART_defaultParams                                              
200156cc  ti_sysbios_gates_GateHwi_Module__FXNS__C                        
200156f0  ti_sysbios_gates_GateMutex_Module__FXNS__C                      
20015714  ti_sysbios_heaps_HeapMem_Object__PARAMS__C                      
20015738  ti_sysbios_knl_Clock_Object__PARAMS__C                          
2001575c  ti_sysbios_knl_Semaphore_Object__PARAMS__C                      
200157a4  xdc_runtime_Startup_sfxnTab__A                                  
200157e9  ti_sysbios_knl_Clock_tickSource__C                              
200157ea  ti_sysbios_family_arm_m3_Timer_Module__id__C                    
2001580c  ti_sysbios_family_arm_m3_Hwi_Object__DESC__C                    
2001582c  ti_sysbios_gates_GateHwi_Object__DESC__C                        
2001584c  ti_sysbios_gates_GateMutex_Object__DESC__C                      
2001586c  ti_sysbios_heaps_HeapMem_Object__DESC__C                        
2001588c  ti_sysbios_knl_Clock_Object__DESC__C                            
200158ac  ti_sysbios_knl_Queue_Object__DESC__C                            
200158cc  ti_sysbios_knl_Semaphore_Object__DESC__C                        
200158ec  ti_sysbios_knl_Task_Object__DESC__C                             
20015924  ti_sysbios_gates_GateHwi_Object__PARAMS__C                      
2001593c  ti_sysbios_gates_GateMutex_Object__PARAMS__C                    
20015954  ti_sysbios_knl_Queue_Object__PARAMS__C                          
2001596c  ti_sysbios_knl_Task_hooks__A                                    
20015984  GPIOCC32XX_config                                               
200159ac  i2cCC32XXHWAttrs                                                
200159e8  xdc_runtime_Startup_sfxnRts__A                                  
200159fa  ti_sysbios_heaps_HeapMem_Module__id__C                          
200159fc  I2C_defaultParams                                               
20015a2c  timerCC32XXHWAttrs                                              
20015a48  UART_config                                                     
20015a6c  xdc_runtime_Startup_firstFxns__A                                
20015a78  CONFIG_GPIO_BUTTON_0_CONST                                      
20015a79  CONFIG_GPIO_BUTTON_1_CONST                                      
20015a7a  CONFIG_GPIO_LED_0_CONST                                         
20015a7b  CONFIG_I2C_0_CONST                                              
20015a7c  I2C_count                                                       
20015a7d  CONFIG_TIMER_0_CONST                                            
20015a7e  Timer_count                                                     
20015a7f  CONFIG_UART_0_CONST                                             
20015a80  UART_count                                                      
20015a81  xdc_runtime_Error_policy__C                                     
20015a82  xdc_runtime_Memory_Module__id__C                                
20015a84  I2C_config                                                      
20015a8c  Timer_config                                                    
20015a94  outPinTypes                                                     
20015aa4  ti_sysbios_knl_Idle_funcList__A                                 
20015aac  ti_sysbios_knl_Idle_funcList__C                                 
20015ab4  ti_sysbios_knl_Task_hooks__C                                    
20015abc  xdc_runtime_Startup_firstFxns__C                                
20015ac4  xdc_runtime_Startup_lastFxns__C                                 
20015ad2  inPinTypes                                                      
20015ad8  outPinStrengths                                                 
20015ae4  ti_sysbios_family_arm_m3_Hwi_E_alreadyDefined__C                
20015ae8  ti_sysbios_family_arm_m3_Hwi_E_badIntNum__C                     
20015aec  ti_sysbios_family_arm_m3_Hwi_NUM_INTERRUPTS__C                  
20015af0  ti_sysbios_family_arm_m3_Hwi_Object__count__C                   
20015af4  ti_sysbios_family_arm_m3_Hwi_ccr__C                             
20015af8  ti_sysbios_family_arm_m3_Hwi_excHandlerFunc__C                  
20015afc  ti_sysbios_family_arm_m3_Hwi_nullIsrFunc__C                     
20015b00  ti_sysbios_family_arm_m3_Hwi_priGroup__C                        
20015b04  ti_sysbios_family_arm_m3_Hwi_swiDisable__C                      
20015b08  ti_sysbios_family_arm_m3_Hwi_swiRestore__C                      
20015b0c  ti_sysbios_family_arm_m3_TaskSupport_stackAlignment__C          
20015b10  ti_sysbios_family_arm_m3_Timer_E_cannotSupport__C               
20015b14  ti_sysbios_family_arm_m3_Timer_startupNeeded__C                 
20015b18  ti_sysbios_gates_GateMutex_Instance_State_sem__O                
20015b1c  ti_sysbios_heaps_HeapMem_E_memory__C                            
20015b20  ti_sysbios_heaps_HeapMem_Module__gateObj__C                     
20015b24  ti_sysbios_heaps_HeapMem_Object__count__C                       
20015b28  ti_sysbios_heaps_HeapMem_primaryHeapBaseAddr__C                 
20015b2c  ti_sysbios_heaps_HeapMem_primaryHeapEndAddr__C                  
20015b30  ti_sysbios_heaps_HeapMem_reqAlign__C                            
20015b34  ti_sysbios_knl_Clock_Module_State_clockQ__O                     
20015b38  ti_sysbios_knl_Clock_tickPeriod__C                              
20015b3c  ti_sysbios_knl_Mailbox_Instance_State_freeQue__O                
20015b40  ti_sysbios_knl_Mailbox_Object__count__C                         
20015b44  ti_sysbios_knl_Mailbox_maxTypeAlign__C                          
20015b48  ti_sysbios_knl_Semaphore_Instance_State_pendQ__O                
20015b4c  ti_sysbios_knl_Swi_Object__count__C                             
20015b50  ti_sysbios_knl_Task_Module_State_inactiveQ__O                   
20015b54  ti_sysbios_knl_Task_Object__count__C                            
20015b58  ti_sysbios_knl_Task_Object__heap__C                             
20015b5c  ti_sysbios_knl_Task_allBlockedFunc__C                           
20015b60  ti_sysbios_knl_Task_defaultStackHeap__C                         
20015b64  ti_sysbios_knl_Task_defaultStackSize__C                         
20015b68  ti_sysbios_knl_Task_numConstructedTasks__C                      
20015b6c  xdc_runtime_Error_E_memory__C                                   
20015b70  xdc_runtime_Error_policyFxn__C                                  
20015b74  xdc_runtime_IGateProvider_Interface__BASE__C                    
20015b78  xdc_runtime_IHeap_Interface__BASE__C                            
20015b7c  xdc_runtime_IModule_Interface__BASE__C                          
20015b80  xdc_runtime_Memory_defaultHeapInstance__C                       
20015b84  xdc_runtime_Startup_execImpl__C                                 
20015b88  xdc_runtime_Startup_maxPasses__C                                
20015b8c  xdc_runtime_Startup_sfxnRts__C                                  
20015b90  xdc_runtime_Startup_sfxnTab__C                                  
20015b94  xdc_runtime_SysCallback_abortFxn__C                             
20015b98  xdc_runtime_SysCallback_exitFxn__C                              
20015b9c  xdc_runtime_System_Module__gateObj__C                           
20015ba0  xdc_runtime_System_abortFxn__C                                  
20015ba4  xdc_runtime_System_exitFxn__C                                   
20015ba8  xdc_runtime_System_maxAtexitHandlers__C                         
20015bac  PowerCC32XX_module                                              
20015d18  parkInfo                                                        
20015ec4  ti_sysbios_knl_Swi_Module_State_0_readyQ__A                     
20015f44  ti_sysbios_knl_Task_Module_State_0_readyQ__A                    
20015fc4  ti_sysbios_knl_Task_Object__table__V                            
20016010  ti_sysbios_knl_Task_Module__state__V                            
20016054  ti_sysbios_gates_GateMutex_Object__table__V                     
2001608c  ti_sysbios_family_arm_m3_Hwi_Module__state__V                   
200160c0  ti_sysbios_family_arm_m3_Timer_Object__table__V                 
200160f0  ti_sysbios_knl_Swi_Object__table__V                             
20016120  ti_sysbios_knl_Clock_Module__state__V                           
2001614c  ti_sysbios_BIOS_Module__state__V                                
20016170  xdc_runtime_Error_IgnoreBlock                                   
20016190  ti_sysbios_knl_Swi_Module__state__V                             
200161ac  ti_sysbios_family_arm_m3_Hwi_Object__table__V                   
200161c4  ti_sysbios_heaps_HeapMem_Object__table__V                       
200161dc  TimerFlag                                                       
200161e0  timerCount                                                      
200161e4  buttonUp                                                        
200161e8  buttonDown                                                      
200161ec  gpioCallbackFunctions                                           
200161f8  gpioPinConfigs                                                  
20016204  ti_sysbios_family_arm_m3_Timer_Module__state__V                 
2001621a  ti_sysbios_family_arm_m3_Hwi_Module_State_0_excActive__A        
2001621c  _lock                                                           
20016220  _unlock                                                         
20016224  ti_sysbios_family_arm_m3_Hwi_Module__root__V                    
2001622c  ti_sysbios_gates_GateHwi_Module__root__V                        
20016234  ti_sysbios_gates_GateMutex_Module__root__V                      
2001623c  ti_sysbios_heaps_HeapMem_Module__root__V                        
20016244  ti_sysbios_knl_Clock_Module__root__V                            
2001624c  ti_sysbios_knl_Queue_Module__root__V                            
20016254  ti_sysbios_knl_Semaphore_Module__root__V                        
2001625c  ti_sysbios_knl_Task_Module__root__V                             
20016264  xdc_runtime_Startup_Module__state__V                            
2001626c  xdc_runtime_System_Module_State_0_atexitHandlers__A             
20016274  xdc_runtime_System_Module__state__V                             
2001627c  main_func_sp                                                    
20016280  ti_sysbios_family_arm_m3_Hwi_Module_State_0_excContext__A       
20016284  ti_sysbios_family_arm_m3_Hwi_Module_State_0_excStack__A         
20016288  ti_sysbios_family_arm_m3_TimestampProvider_Module__state__V     
2001628c  ti_sysbios_gates_GateHwi_Object__table__V                       
20016290  ti_sysbios_knl_Task_Module_State_0_idleTask__A                  
20016294  ti_sysbios_rts_ti_ReentSupport_Module__state__V                 
20016298  xdc_runtime_Memory_Module__state__V                             
200162a0  __TI_static_base__                                              
200164d0  __TI_Handler_Table_Base                                         
200164dc  __TI_Handler_Table_Limit                                        
200164f0  __TI_CINIT_Base                                                 
20016508  __TI_CINIT_Limit                                                
e000e000  ti_sysbios_family_arm_m3_Hwi_nvic                               
ffffffff  __TI_pprof_out_hndl                                             
ffffffff  __TI_prof_data_size                                             
ffffffff  __TI_prof_data_start                                            
ffffffff  __binit__                                                       
ffffffff  __c_args__                                                      
ffffffff  binit                                                           
UNDEFED   ITM_flush                                                       
UNDEFED   ITM_restore                                                     
UNDEFED   SHT$$INIT_ARRAY$$Base                                           
UNDEFED   SHT$$INIT_ARRAY$$Limit                                          

[656 symbols]
